9][ T9124] Hardware name: QEMU Standard PC (i440FX + PIIX, 1996), BIOS 1.15.0-1 04/01/2014
[   99.469272][ T9124] Call Trace:
[   99.469464][ T9124]  <TASK>
[   99.469636][ T9124]  dump_stack_lvl+0x111/0x140
[   99.469933][ T9124]  dump_stack+0x19/0x20
[   99.470196][ T9124]  dump_header+0x51/0x400
[   99.470456][ T9124]  oom_kill_process+0x17a/0x6e0
[   99.470742][ T9124]  out_of_memory+0x597/0xab0
[   99.471024][ T9124]  __alloc_pages+0x117f/0x13b0
[   99.471314][ T9124]  new_slab+0x365/0x3d0
[   99.471573][ T9124]  ? __sanitizer_cov_trace_const_cmp1+0x1e/0x30
[   99.471937][ T9124]  ___slab_alloc+0x63b/0x10f0
[   99.472234][ T9124]  ? io_refill_buffer_cache+0x218/0x250
[   99.472573][ T9124]  ? srso_alias_return_thunk+0x5/0xfbef5
[   99.472915][ T9124]  ? trace_hardirqs_on+0x61/0xe0
[   99.473206][ T9124]  kmem_cache_alloc+0x239/0x290
[   99.473504][ T9124]  ? srso_alias_return_thunk+0x5/0xfbef5
[   99.473840][ T9124]  ? kmem_cache_alloc+0x239/0x290
[   99.474148][ T9124]  ? io_refill_buffer_cache+0x218/0x250
[   99.474471][ T9124]  io_refill_buffer_cache+0x218/0x250
[   99.474783][ T9124]  ? srso_alias_return_thunk+0x5/0xfbef5
[   99.475116][ T9124]  ? __lock_acquire+0x51f/0x15f0
[   99.475430][ T9124]  ? srso_alias_return_thunk+0x5/0xfbef5
[   99.475771][ T9124]  ? __lock_acquire+0x51f/0x15f0
[   99.476090][ T9124]  ? srso_alias_return_thunk+0x5/0xfbef5
[   99.476426][ T9124]  ? __lock_acquire+0x51f/0x15f0
[   99.476739][ T9124]  ? __pfx_trace_contention_end+0xa/0x10
[   99.477063][ T9124]  ? srso_alias_return_thunk+0x5/0xfbef5
[   99.477403][ T9124]  ? lock_is_held_type+0xa0/0x110
[   99.477716][ T9124]  ? srso_alias_return_thunk+0x5/0xfbef5
[   99.478055][ T9124]  ? srso_alias_return_thunk+0x5/0xfbef5
[   99.478389][ T9124]  ? find_held_lock+0x31/0x90
[   99.478680][ T9124]  ? xa_load+0xea/0x220
[   99.478943][ T9124]  ? srso_alias_return_thunk+0x5/0xfbef5
[   99.479272][ T9124]  ? lock_release+0xac/0x260
[   99.479566][ T9124]  ? srso_alias_return_thunk+0x5/0xfbef5
[   99.479899][ T9124]  ? srso_alias_return_thunk+0x5/0xfbef5
[   99.480230][ T9124]  ? xa_load+0xef/0x220
[   99.480494][ T9124]  io_provide_buffers+0x28a/0x510
[   99.480801][ T9124]  ? srso_alias_return_thunk+0x5/0xfbef5
[   99.481136][ T9124]  io_issue_sqe+0xa1/0x5b0
[   99.481413][ T9124]  io_wq_submit_work+0x124/0x580
[   99.481715][ T9124]  io_worker_handle_work+0x33b/0x920
[   99.482022][ T9124]  ? __pfx_process_timeout+0x10/0x10
[   99.482338][ T9124]  io_wq_worker+0x140/0x610
[   99.482609][ T9124]  ? srso_alias_return_thunk+0x5/0xfbef5
[   99.482937][ T9124]  ? trace_hardirqs_on+0x61/0xe0
[   99.483229][ T9124]  ? srso_alias_return_thunk+0x5/0xfbef5
[   99.483561][ T9124]  ? _raw_spin_unlock_irq+0x27/0x50
[   99.483888][ T9124]  ? srso_alias_return_thunk+0x5/0xfbef5
[   99.484220][ T9124]  ? __pfx_io_wq_worker+0x10/0x10
[   99.484520][ T9124]  ret_from_fork+0x54/0x60
[   99.484793][ T9124]  ? __pfx_io_wq_worker+0x10/0x10
[   99.485092][ T9124]  ret_from_fork_asm+0x1a/0x30
[   99.485394][ T9124] RIP: 0033:0x0
[   99.485602][ T9124] Code: Unable to access opcode bytes at 0xffffffffffffffd6.
[   99.485990][ T9124] RSP: 002b:0000000000000000 EFLAGS: 00000246 ORIG_RAX: 00000000000001aa
[   99.486439][ T9124] RAX: 0000000000000000 RBX: 00007f13cd7cbf80 RCX: 00007f13cd69002d
[   99.486864][ T9124] RDX: 0000000000000000 RSI: 000000000000079e RDI: 0000000000000007
[   99.487291][ T9124] RBP: 00007f13cd6f14d0 R08: 0000000000000000 R09: 0000000000000000
[   99.487713][ T9124] R10: 0000000000000000 R11: 0000000000000246 R12: 0000000000000000
[   99.488133][ T9124] R13: 000000000000000b R14: 00007f13cd7cbf80 R15: 00007f13ce308000
[   99.488582][ T9124]  </TASK>
[   99.488867][ T9124] Mem-Info:
[   99.489061][ T9124] active_anon:0 inactive_anon:0 isolated_anon:0
[   99.489061][ T9124]  active_file:80 inactive_file:81 isolated_file:0
[   99.489061][ T9124]  unevictable:768 dirty:0 writeback:0
[   99.489061][ T9124]  slab_reclaimable:3954 slab_unreclaimable:403982
[   99.489061][ T9124]  mapped:16385 shmem:768 pagetables:573
[   99.489061][ T9124]  sec_pagetables:0 bounce:0
[   99.489061][ T9124]  kernel_misc_reclaimable:0
[   99.489061][ T9124]  free:7481 free_pcp:390 free_cma:0
[   99.491348][ T9124] Node 0 active_anon:0kB inactive_anon:0kB active_file:280kB inactive_file:364kB unevictable:3072kB isolated(anon):0kB isolated(file):0kB mapped:65540kB dirty:0kB writeback:0kB shmem:3072kB shmem_thp:0kB shmem_pmdmapped:0kB anon_thp:0kB writeback_tmp:0kB kernel_stack:3888kB pagetables:2292kB sec_pagetables:0kB all_unreclaimable? no
[   99.492985][ T9124] Node 0 DMA free:7576kB boost:0kB min:356kB low:444kB high:532kB reserved_highatomic:0KB active_anon:0kB inactive_anon:0kB active_file:0kB inactive_file:0kB unevictable:0kB writepending:0kB present:15992kB managed:15360kB mlocked:0kB bounce:0kB free_pcp:124kB local_pcp:124kB free_cma:0kB
[   99.494402][ T9124] lowmem_reserve[]: 0 1876 1876 1876 1876
[   99.494767][ T9124] Node 0 DMA32 free:22348kB boost:0kB min:44696kB low:55868kB high:67040kB reserved_highatomic:4096KB active_anon:0kB inactive_anon:0kB active_file:560kB inactive_file:84kB unevictable:3072kB writepending:0kB present:2080640kB managed:1937376kB mlocked:0kB bounce:0kB free_pcp:1436kB local_pcp:752kB free_cma:0kB
[   99.496275][ T9124] lowmem_reserve[]: 0 0 0 0 0
[   99.496582][ T9124] Node 0 DMA: 0*4kB 1*8kB (U) 1*16kB (U) 0*32kB 0*64kB 1*128kB (U) 1*256kB (U) 0*512kB 1*1024kB (U) 1*2048kB (M) 1*4096kB (M) = 7576kB
[   99.497495][ T9124] Node 0 DMA32: 467*4kB (UME) 316*8kB (UME) 222*16kB (ME) 128*32kB (UME) 83*64kB (UME) 37*128kB (UM) 1*256kB (M) 0*512kB 0*1024kB 0*2048kB 0*4096kB = 22348kB
[   99.498561][ T9124] Node 0 hugepages_total=0 hugepages_free=0 hugepages_surp=0 hugepages_size=1048576kB
[   99.499068][ T9124] Node 0 hugepages_total=0 hugepages_free=0 hugepages_surp=0 hugepages_size=2048kB
[   99.499575][ T9124] 929 total pagecache pages
[   99.499826][ T9124] 0 pages in swap cache
[   99.500066][ T9124] Free swap  = 108824kB
[   99.500299][ T9124] Total swap = 124996kB
[   99.500539][ T9124] 524158 pages RAM
[   99.500751][ T9124] 0 pages HighMem/MovableOnly
[   99.501004][ T9124] 35974 pages reserved
[   99.501231][ T9124] 0 pages cma reserved
[   99.501457][ T9124] Unreclaimable slab info:
[   99.501708][ T9124] Name                      Used          Total
[   99.502038][ T9124] bio-352                    7KB          7KB
[   99.502383][ T9124] bio-416                    7KB          7KB
[   99.502716][ T9124] bio-432                    7KB          7KB
[   99.503040][ T9124] bio-528                    7KB          7KB
[   99.503374][ T9124] zs_handle                 17KB         40KB
[   99.503725][ T9124] IEEE-802.15.4-RAW         15KB         15KB
[   99.504058][ T9124] SMC                       63KB         63KB
[   99.504398][ T9124] SCTPv6                    63KB         63KB
[   99.504743][ T9124] SCTP                      62KB         62KB
[   99.505084][ T9124] DCCPv6                    61KB         61KB
[   99.505417][ T9124] DCCP                      63KB         63KB
[   99.505747][ T9124] PNPIPE                    31KB         31KB
[   99.506090][ T9124] rxrpc_call_jar           156KB        156KB
[   99.506432][ T9124] TCPv6                     95KB         95KB
[   99.506770][ T9124] nf_conntrack              26KB         26KB
[   99.507112][ T9124] bio-136                   23KB         23KB
[   99.507454][ T9124] io_kiocb                4630KB       4656KB
[   99.507787][ T9124] bio-264                    3KB          3KB
[   99.508114][ T9124] mqueue_inode_cache         61KB         61KB
[   99.508473][ T9124] f2fs_bio_post_read_ctx         15KB         15KB
[   99.508842][ T9124] jfs_mp                     7KB          7KB
[   99.509175][ T9124] fuse_request               3KB          3KB
[   99.509509][ T9124] cifs_small_rq             15KB         15KB
[   99.509840][ T9124] cifs_request              65KB         65KB
[   99.510177][ T9124] nfs_commit_data           15KB         15KB
[   99.510511][ T9124] nfs_page                  20KB         20KB
[   99.510842][ T9124] ecryptfs_key_record_cache          7KB          7KB
[   99.511222][ T9124] kioctx                    31KB         31KB
[   99.511558][ T9124] pid_namespace              7KB          7KB
[   99.511900][ T9124] UNIX                     159KB        159KB
[   99.512241][ T9124] MPTCP                     60KB         60KB
[   99.512586][ T9124] ip_fib_trie               27KB         27KB
[   99.512928][ T9124] ip_fib_alias              75KB         75KB
[   99.513263][ T9124] RAW                       63KB         63KB
[   99.513599][ T9124] UDP                      151KB        151KB
[   99.513929][ T9124] tw_sock_TCP                3KB          3KB
[   99.514264][ T9124] request_sock_TCP           7KB          7KB
[   99.514597][ T9124] TCP                       60KB         60KB
[   99.514929][ T9124] hugetlbfs_inode_cache         15KB         15KB
[   99.515278][ T9124] bio-256                   11KB         11KB
[   99.515611][ T9124] inotify_inode_mark         19KB         19KB
[   99.515947][ T9124] request_queue            121KB        121KB
[   99.516282][ T9124] bio-200                   36KB         36KB
[   99.516621][ T9124] biovec-128                64KB         64KB
[   99.516958][ T9124] khugepaged_mm_slot         11KB         11KB
[   99.517300][ T9124] iommu_iova_magazine         32KB         32KB
[   99.517647][ T9124] dmaengine-unmap-256         30KB         30KB
[   99.517984][ T9124] dmaengine-unmap-128         15KB         15KB
[   99.518361][ T9124] QIPCRTR                   31KB         31KB
[   99.518694][ T9124] audit_buffer               3KB          3KB
[   99.519028][ T9124] skbuff_ext_cache          63KB         63KB
[   99.519355][ T9124] skbuff_small_head         89KB         97KB
[   99.519692][ T9124] skbuff_head_cache         52KB         68KB
[   99.520024][ T9124] file_lock_cache            7KB          7KB
[   99.520360][ T9124] file_lock_ctx             71KB        287KB
[   99.520694][ T9124] taskstats                 15KB         15KB
[   99.521033][ T9124] pde_opener                 7KB          7KB
[   99.521371][ T9124] seq_file                   7KB          7KB
[   99.521707][ T9124] sigqueue                   7KB          7KB
[   99.522038][ T9124] shmem_inode_cache       5287KB       5342KB
[   99.522384][ T9124] kernfs_iattrs_cache         11KB         11KB
[   99.522911][ T9124] kernfs_node_cache      16785KB      16792KB
[   99.523267][ T9124] mnt_cache                126KB        126KB
[   99.523608][ T9124] filp                     288KB        392KB
[   99.523952][ T9124] names_cache              384KB        384KB
[   99.524297][ T9124] net_namespace             83KB         83KB
[   99.524647][ T9124] lsm_file_cache            74KB         94KB
[   99.524987][ T9124] key_jar                   31KB         31KB
[   99.525321][ T9124] uts_namespace             15KB         15KB
[   99.525663][ T9124] nsproxy                    7KB          7KB
[   99.526007][ T9124] vma_lock                 255KB        339KB
[   99.526342][ T9124] files_cache              154KB        154KB
[   99.526673][ T9124] signal_cache             448KB        625KB
[   99.527012][ T9124] sighand_cache            638KB        704KB
[   99.527349][ T9124] task_struct             2160KB       2455KB
[   99.527692][ T9124] anon_vma                 165KB        186KB
[   99.528021][ T9124] Acpi-State                75KB        179KB
[   99.528393][ T9124] shared_policy_node        446KB        625KB
[   99.528749][ T9124] numa_policy                8KB          8KB
[   99.529097][ T9124] trace_event_file         354KB        354KB
[   99.529427][ T9124] ftrace_event_field        542KB        542KB
[   99.529762][ T9124] pool_workqueue           256KB        256KB
[   99.530102][ T9124] maple_node               816KB        916KB
[   99.530436][ T9124] task_group                31KB         31KB
[   99.530766][ T9124] mm_struct                157KB        157KB
[   99.531097][ T9124] vmap_area                 65KB         74KB
[   99.531430][ T9124] page->ptl                 51KB         68KB
[   99.531760][ T9124] kmalloc-cg-8k            768KB        768KB
[   99.532094][ T9124] kmalloc-cg-4k           9056KB       9056KB
[   99.532422][ T9124] kmalloc-cg-2k           6490KB       6528KB
[   99.532762][ T9124] kmalloc-cg-1k           1526KB       1536KB
[   99.533100][ T9124] kmalloc-cg-512           888KB        888KB
[   99.533437][ T9124] kmalloc-cg-256           201KB        220KB
[   99.533780][ T9124] kmalloc-cg-192           475KB        712KB
[   99.534111][ T9124] kmalloc-cg-128           412KB        412KB
[   99.534441][ T9124] kmalloc-cg-96             15KB         15KB
[   99.534776][ T9124] kmalloc-cg-64             72KB        112KB
[   99.535116][ T9124] kmalloc-cg-32        1201560KB    1201560KB
[   99.535452][ T9124] kmalloc-cg-16             19KB         32KB
[   99.535783][ T9124] kmalloc-cg-8               8KB          8KB
[   99.536114][ T9124] kmalloc-8k              2912KB       2912KB
[   99.536442][ T9124] kmalloc-4k              2580KB       2784KB
[   99.536784][ T9124] kmalloc-2k              4840KB       5024KB
[   99.537120][ T9124] kmalloc-1k            304232KB     304280KB
[   99.537453][ T9124] kmalloc-512             7174KB       7200KB
[   99.537783][ T9124] kmalloc-256             1406KB       1436KB
[   99.538118][ T9124] kmalloc-192              698KB        763KB
[   99.538501][ T9124] kmalloc-128              837KB       1016KB
[   99.538839][ T9124] kmalloc-96               770KB        819KB
[   99.539176][ T9124] kmalloc-64               721KB        744KB
[   99.539507][ T9124] kmalloc-32               808KB        808KB
[   99.539847][ T9124] kmalloc-16               110KB        116KB
[   99.540184][ T9124] kmalloc-8                 83KB         84KB
[   99.540520][ T9124] kmem_cache_node           40KB         40KB
[   99.540861][ T9124] kmem_cache                76KB         76KB
[   99.541198][ T9124] oom-kill:constraint=CONSTRAINT_NONE,nodemask=(null),cpuset=syz0,mems_allowed=0,global_oom,task_memcg=/syz0,task=iou-wrk-9115,pid=9124,uid=0
[   99.542003][ T9124] Out of memory (oom_kill_allocating_task): Killed process 9115 (syz-executor.0) total-vm:59508kB, anon-rss:132kB, file-rss:8188kB, shmem-rss:0kB, UID:0 pgtables:104kB oom_score_adj:1000
[   99.752842][ T9124] iou-wrk-9115 invoked oom-killer: gfp_mask=0xcc0(GFP_KERNEL), order=0, oom_score_adj=1000
[   99.753430][ T9124] CPU: 0 PID: 9124 Comm: iou-wrk-9115 Not tainted 6.9.0-rc4 #1
[   99.753854][ T9124] Hardware name: QEMU Standard PC (i440FX + PIIX, 1996), BIOS 1.15.0-1 04/01/2014
[   99.754339][ T9124] Call Trace:
[   99.754536][ T9124]  <TASK>
[   99.754716][ T9124]  dump_stack_lvl+0x111/0x140
[   99.755022][ T9124]  dump_stack+0x19/0x20
[   99.755294][ T9124]  dump_header+0x51/0x400
[   99.755559][ T9124]  oom_kill_process+0x17a/0x6e0
[   99.755848][ T9124]  out_of_memory+0x597/0xab0
[   99.756122][ T9124]  __alloc_pages+0x117f/0x13b0
[   99.756420][ T9124]  new_slab+0x365/0x3d0
[   99.756680][ T9124]  ? __sanitizer_cov_trace_const_cmp1+0x1e/0x30
[   99.757048][ T9124]  ___slab_alloc+0x63b/0x10f0
[   99.757342][ T9124]  ? mark_held_locks+0x4d/0x80
[   99.757648][ T9124]  ? io_refill_buffer_cache+0x125/0x250
[   99.757976][ T9124]  ? srso_alias_return_thunk+0x5/0xfbef5
[   99.758313][ T9124]  ? mark_held_locks+0x4d/0x80
[   99.758615][ T9124]  kmem_cache_alloc_bulk+0x222/0x710
[   99.758938][ T9124]  ? srso_alias_return_thunk+0x5/0xfbef5
[   99.759272][ T9124]  ? kmem_cache_alloc_bulk+0x222/0x710
[   99.759602][ T9124]  ? srso_alias_return_thunk+0x5/0xfbef5
[   99.759936][ T9124]  ? obj_cgroup_uncharge+0x12/0x20
[   99.760240][ T9124]  ? kmem_cache_alloc_bulk+0x154/0x710
[   99.760573][ T9124]  ? srso_alias_return_thunk+0x5/0xfbef5
[   99.760909][ T9124]  ? trace_kmem_cache_alloc+0x24/0xb0
[   99.761225][ T9124]  ? srso_alias_return_thunk+0x5/0xfbef5
[   99.761561][ T9124]  ? kmem_cache_alloc+0x132/0x290
[   99.761868][ T9124]  io_refill_buffer_cache+0x125/0x250
[   99.762173][ T9124]  ? io_refill_buffer_cache+0x125/0x250
[   99.762491][ T9124]  ? srso_alias_return_thunk+0x5/0xfbef5
[   99.762828][ T9124]  ? __lock_acquire+0x51f/0x15f0
[   99.763134][ T9124]  ? srso_alias_return_thunk+0x5/0xfbef5
[   99.763469][ T9124]  ? __lock_acquire+0x51f/0x15f0
[   99.763777][ T9124]  ? srso_alias_return_thunk+0x5/0xfbef5
[   99.764112][ T9124]  ? __lock_acquire+0x51f/0x15f0
[   99.764420][ T9124]  ? __pfx_trace_contention_end+0xa/0x10
[   99.764756][ T9124]  ? srso_alias_return_thunk+0x5/0xfbef5
[   99.765091][ T9124]  ? lock_is_held_type+0xa0/0x110
[   99.765390][ T9124]  ? srso_alias_return_thunk+0x5/0xfbef5
[   99.765721][ T9124]  ? srso_alias_return_thunk+0x5/0xfbef5
[   99.766066][ T9124]  ? find_held_lock+0x31/0x90
[   99.766359][ T9124]  ? xa_load+0xea/0x220
[   99.766632][ T9124]  ? srso_alias_return_thunk+0x5/0xfbef5
[   99.766965][ T9124]  ? lock_release+0xac/0x260
[   99.767250][ T9124]  ? srso_alias_return_thunk+0x5/0xfbef5
[   99.767582][ T9124]  ? srso_alias_return_thunk+0x5/0xfbef5
[   99.767910][ T9124]  ? xa_load+0xef/0x220
[   99.768186][ T9124]  io_provide_buffers+0x28a/0x510
[   99.768484][ T9124]  ? srso_alias_return_thunk+0x5/0xfbef5
[   99.768828][ T9124]  io_issue_sqe+0xa1/0x5b0
[   99.769109][ T9124]  io_wq_submit_work+0x124/0x580
[   99.769412][ T9124]  io_worker_handle_work+0x33b/0x920
[   99.769719][ T9124]  ? __pfx_process_timeout+0x10/0x10
[   99.770039][ T9124]  io_wq_worker+0x140/0x610
[   99.770315][ T9124]  ? srso_alias_return_thunk+0x5/0xfbef5
[   99.770652][ T9124]  ? trace_hardirqs_on+0x61/0xe0
[   99.770941][ T9124]  ? srso_alias_return_thunk+0x5/0xfbef5
[   99.771277][ T9124]  ? _raw_spin_unlock_irq+0x27/0x50
[   99.771597][ T9124]  ? srso_alias_return_thunk+0x5/0xfbef5
[   99.771930][ T9124]  ? __pfx_io_wq_worker+0x10/0x10
[   99.772219][ T9124]  ret_from_fork+0x54/0x60
[   99.772483][ T9124]  ? __pfx_io_wq_worker+0x10/0x10
[   99.772774][ T9124]  ret_from_fork_asm+0x1a/0x30
[   99.773070][ T9124] RIP: 0033:0x0
[   99.773281][ T9124] Code: Unable to access opcode bytes at 0xffffffffffffffd6.
[   99.773674][ T9124] RSP: 002b:0000000000000000 EFLAGS: 00000246 ORIG_RAX: 00000000000001aa
[   99.774122][ T9124] RAX: 0000000000000000 RBX: 00007f13cd7cbf80 RCX: 00007f13cd69002d
[   99.774560][ T9124] RDX: 0000000000000000 RSI: 000000000000079e RDI: 0000000000000007
[   99.774975][ T9124] RBP: 00007f13cd6f14d0 R08: 0000000000000000 R09: 0000000000000000
[   99.775403][ T9124] R10: 0000000000000000 R11: 0000000000000246 R12: 0000000000000000
[   99.775827][ T9124] R13: 000000000000000b R14: 00007f13cd7cbf80 R15: 00007f13ce308000
[   99.776266][ T9124]  </TASK>
[   99.776747][ T9124] Mem-Info:
[   99.776938][ T9124] active_anon:0 inactive_anon:0 isolated_anon:0
[   99.776938][ T9124]  active_file:151 inactive_file:10 isolated_file:0
[   99.776938][ T9124]  unevictable:768 dirty:0 writeback:0
[   99.776938][ T9124]  slab_reclaimable:3954 slab_unreclaimable:403982
[   99.776938][ T9124]  mapped:16385 shmem:768 pagetables:573
[   99.776938][ T9124]  sec_pagetables:0 bounce:0
[   99.776938][ T9124]  kernel_misc_reclaimable:0
[   99.776938][ T9124]  free:7481 free_pcp:390 free_cma:0
[   99.779420][ T9124] Node 0 active_anon:0kB inactive_anon:0kB active_file:328kB inactive_file:316kB unevictable:3072kB isolated(anon):0kB isolated(file):0kB mapped:65540kB dirty:0kB writeback:0kB shmem:3072kB shmem_thp:0kB shmem_pmdmapped:0kB anon_thp:0kB writeback_tmp:0kB kernel_stack:3888kB pagetables:2292kB sec_pagetables:0kB all_unreclaimable? no
[   99.780999][ T9124] Node 0 DMA free:7576kB boost:0kB min:356kB low:444kB high:532kB reserved_highatomic:0KB active_anon:0kB inactive_anon:0kB active_file:0kB inactive_file:0kB unevictable:0kB writepending:0kB present:15992kB managed:15360kB mlocked:0kB bounce:0kB free_pcp:124kB local_pcp:124kB free_cma:0kB
[   99.782378][ T9124] lowmem_reserve[]: 0 1876 1876 1876 1876
[   99.782726][ T9124] Node 0 DMA32 free:22348kB boost:0kB min:44696kB low:55868kB high:67040kB reserved_highatomic:4096KB active_anon:0kB inactive_anon:0kB active_file:568kB inactive_file:128kB unevictable:3072kB writepending:0kB present:2080640kB managed:1937376kB mlocked:0kB bounce:0kB free_pcp:1436kB local_pcp:752kB free_cma:0kB
[   99.784258][ T9124] lowmem_reserve[]: 0 0 0 0 0
[   99.784570][ T9124] Node 0 DMA: 0*4kB 1*8kB (U) 1*16kB (U) 0*32kB 0*64kB 1*128kB (U) 1*256kB (U) 0*512kB 1*1024kB (U) 1*2048kB (M) 1*4096kB (M) = 7576kB
[   99.785500][ T9124] Node 0 DMA32: 467*4kB (UME) 316*8kB (UME) 222*16kB (ME) 128*32kB (UME) 83*64kB (UME) 37*128kB (UM) 1*256kB (M) 0*512kB 0*1024kB 0*2048kB 0*4096kB = 22348kB
[   99.786528][ T9124] Node 0 hugepages_total=0 hugepages_free=0 hugepages_surp=0 hugepages_size=1048576kB
[   99.787045][ T9124] Node 0 hugepages_total=0 hugepages_free=0 hugepages_surp=0 hugepages_size=2048kB
[   99.787545][ T9124] 929 total pagecache pages
[   99.787808][ T9124] 0 pages in swap cache
[   99.788061][ T9124] Free swap  = 108824kB
[   99.788825][ T9124] Total swap = 124996kB
[   99.789072][ T9124] 524158 pages RAM
[   99.789286][ T9124] 0 pages HighMem/MovableOnly
[   99.789549][ T9124] 35974 pages reserved
[   99.789780][ T9124] 0 pages cma reserved
[   99.790016][ T9124] Unreclaimable slab info:
[   99.790262][ T9124] Name                      Used          Total
[   99.790601][ T9124] bio-352                    7KB          7KB
[   99.790944][ T9124] bio-416                    7KB          7KB
[   99.791277][ T9124] bio-432                    7KB          7KB
[   99.791618][ T9124] bio-528                    7KB          7KB
[   99.791955][ T9124] zs_handle                 17KB         40KB
[   99.792297][ T9124] IEEE-802.15.4-RAW         15KB         15KB
[   99.792636][ T9124] SMC                       63KB         63KB
[   99.792967][ T9124] SCTPv6                    63KB         63KB
[   99.793301][ T9124] SCTP                      62KB         62KB
[   99.793637][ T9124] DCCPv6                    61KB         61KB
[   99.793970][ T9124] DCCP                      63KB         63KB
[   99.794302][ T9124] PNPIPE                    31KB         31KB
[   99.794633][ T9124] rxrpc_call_jar           156KB        156KB
[   99.794970][ T9124] TCPv6                     95KB         95KB
[   99.795307][ T9124] nf_conntrack              26KB         26KB
[   99.795644][ T9124] bio-136                   23KB         23KB
[   99.795978][ T9124] io_kiocb                4630KB       4656KB
[   99.796314][ T9124] bio-264                    3KB          3KB
[   99.796651][ T9124] mqueue_inode_cache         61KB         61KB
[   99.796989][ T9124] f2fs_bio_post_read_ctx         15KB         15KB
[   99.797344][ T9124] jfs_mp                     7KB          7KB
[   99.797675][ T9124] fuse_request               3KB          3KB
[   99.798003][ T9124] cifs_small_rq             15KB         15KB
[   99.798748][ T9124] cifs_request              65KB         65KB
[   99.799088][ T9124] nfs_commit_data           15KB         15KB
[   99.799420][ T9124] nfs_page                  20KB         20KB
[   99.799748][ T9124] ecryptfs_key_record_cache          7KB          7KB
[   99.800126][ T9124] kioctx                    31KB         31KB
[   99.800455][ T9124] pid_namespace              7KB          7KB
[   99.800795][ T9124] UNIX                     159KB        159KB
[   99.801131][ T9124] MPTCP                     60KB         60KB
[   99.801463][ T9124] ip_fib_trie               27KB         27KB
[   99.801794][ T9124] ip_fib_alias              75KB         75KB
[   99.802129][ T9124] RAW                       63KB         63KB
[   99.802457][ T9124] UDP                      151KB        151KB
[   99.802794][ T9124] tw_sock_TCP                3KB          3KB
[   99.803122][ T9124] request_sock_TCP           7KB          7KB
[   99.803455][ T9124] TCP                       60KB         60KB
[   99.803785][ T9124] hugetlbfs_inode_cache         15KB         15KB
[   99.804134][ T9124] bio-256                   11KB         11KB
[   99.804463][ T9124] inotify_inode_mark         19KB         19KB
[   99.804806][ T9124] request_queue            121KB        121KB
[   99.805136][ T9124] bio-200                   36KB         36KB
[   99.805463][ T9124] biovec-128                64KB         64KB
[   99.805802][ T9124] khugepaged_mm_slot         11KB         11KB
[   99.806146][ T9124] iommu_iova_magazine         32KB         32KB
[   99.806492][ T9124] dmaengine-unmap-256         30KB         30KB
[   99.806841][ T9124] dmaengine-unmap-128         15KB         15KB
[   99.807193][ T9124] QIPCRTR                   31KB         31KB
[   99.807531][ T9124] audit_buffer               3KB          3KB
[   99.807866][ T9124] skbuff_ext_cache          63KB         63KB
[   99.808237][ T9124] skbuff_small_head         89KB         97KB
[   99.808634][ T9124] skbuff_head_cache         52KB         68KB
[   99.809218][ T9124] file_lock_cache            7KB          7KB
[   99.809733][ T9124] file_lock_ctx             71KB        287KB
[   99.810114][ T9124] taskstats                 15KB         15KB
[   99.810491][ T9124] pde_opener                 7KB          7KB
[   99.810857][ T9124] seq_file                   7KB          7KB
[   99.811224][ T9124] sigqueue                   7KB          7KB
[   99.811589][ T9124] shmem_inode_cache       5287KB       5342KB
[   99.811957][ T9124] kernfs_iattrs_cache         11KB         11KB
[   99.812336][ T9124] kernfs_node_cache      16785KB      16792KB
[   99.812713][ T9124] mnt_cache                126KB        126KB
[   99.813088][ T9124] filp                     288KB        392KB
[   99.813456][ T9124] names_cache              384KB        384KB
[   99.813839][ T9124] net_namespace             83KB         83KB
[   99.814220][ T9124] lsm_file_cache            74KB         94KB
[   99.814594][ T9124] key_jar                   31KB         31KB
[   99.814965][ T9124] uts_namespace             15KB         15KB
[   99.815338][ T9124] nsproxy                    7KB          7KB
[   99.815714][ T9124] vma_lock                 255KB        339KB
[   99.816085][ T9124] files_cache              154KB        154KB
[   99.816460][ T9124] signal_cache             448KB        625KB
[   99.816841][ T9124] sighand_cache            638KB        704KB
[   99.817210][ T9124] task_struct             2160KB       2455KB
[   99.817587][ T9124] anon_vma                 165KB        186KB
[   99.817952][ T9124] Acpi-State                75KB        179KB
[   99.818359][ T9124] shared_policy_node        446KB        625KB
[   99.818696][ T9124] numa_policy                8KB          8KB
[   99.819025][ T9124] trace_event_file         354KB        354KB
[   99.819356][ T9124] ftrace_event_field        542KB        542KB
[   99.819689][ T9124] pool_workqueue           256KB        256KB
[   99.820020][ T9124] maple_node               816KB        916KB
[   99.820349][ T9124] task_group                31KB         31KB
[   99.820681][ T9124] mm_struct                157KB        157KB
[   99.821010][ T9124] vmap_area                 65KB         74KB
[   99.821334][ T9124] page->ptl                 51KB         68KB
[   99.821660][ T9124] kmalloc-cg-8k            768KB        768KB
[   99.821988][ T9124] kmalloc-cg-4k           9056KB       9056KB
[   99.822321][ T9124] kmalloc-cg-2k           6490KB       6528KB
[   99.822654][ T9124] kmalloc-cg-1k           1526KB       1536KB
[   99.822989][ T9124] kmalloc-cg-512           888KB        888KB
[   99.823349][ T9124] kmalloc-cg-256           201KB        220KB
[   99.823713][ T9124] kmalloc-cg-192           475KB        712KB
[   99.824050][ T9124] kmalloc-cg-128           412KB        412KB
[   99.824387][ T9124] kmalloc-cg-96             15KB         15KB
[   99.824734][ T9124] kmalloc-cg-64             72KB        112KB
[   99.825065][ T9124] kmalloc-cg-32        1201560KB    1201560KB
[   99.825401][ T9124] kmalloc-cg-16             19KB         32KB
[   99.825733][ T9124] kmalloc-cg-8               8KB          8KB
[   99.826063][ T9124] kmalloc-8k              2912KB       2912KB
[   99.826396][ T9124] kmalloc-4k              2580KB       2784KB
[   99.826734][ T9124] kmalloc-2k              4840KB       5024KB
[   99.827063][ T9124] kmalloc-1k            304232KB     304280KB
[   99.827397][ T9124] kmalloc-512             7174KB       7200KB
[   99.827735][ T9124] kmalloc-256             1406KB       1436KB
[   99.828077][ T9124] kmalloc-192              698KB        763KB
[   99.828462][ T9124] kmalloc-128              837KB       1016KB
[   99.828805][ T9124] kmalloc-96               775KB        819KB
[   99.829146][ T9124] kmalloc-64               721KB        744KB
[   99.829482][ T9124] kmalloc-32               808KB        808KB
[   99.829818][ T9124] kmalloc-16               110KB        116KB
[   99.830158][ T9124] kmalloc-8                 83KB         84KB
[   99.830496][ T9124] kmem_cache_node           40KB         40KB
[   99.830834][ T9124] kmem_cache                76KB         76KB
[   99.831169][ T9124] oom-kill:constraint=CONSTRAINT_NONE,nodemask=(null),cpuset=syz0,mems_allowed=0,global_oom,task_memcg=/syz0,task=iou-wrk-9115,pid=9124,uid=0
[   99.832001][ T9124] Out of memory (oom_kill_allocating_task): Killed process 9115 (syz-executor.0) total-vm:59508kB, anon-rss:132kB, file-rss:8188kB, shmem-rss:0kB, UID:0 pgtables:104kB oom_score_adj:1000
[  100.028005][ T9124] Out of memory (oom_kill_allocating_task): Killed process 9115 (syz-executor.0) total-vm:59508kB, anon-rss:132kB, file-rss:8188kB, shmem-rss:0kB, UID:0 pgtables:104kB oom_score_adj:1000
[  100.215149][ T9124] Out of memory (oom_kill_allocating_task): Killed process 9115 (syz-executor.0) total-vm:59508kB, anon-rss:132kB, file-rss:8188kB, shmem-rss:0kB, UID:0 pgtables:104kB oom_score_adj:1000
[  100.396939][ T9124] Out of memory (oom_kill_allocating_task): Killed process 9115 (syz-executor.0) total-vm:59508kB, anon-rss:132kB, file-rss:8188kB, shmem-rss:0kB, UID:0 pgtables:104kB oom_score_adj:1000
[  100.635660][ T9124] Out of memory (oom_kill_allocating_task): Killed process 9115 (syz-executor.0) total-vm:59508kB, anon-rss:132kB, file-rss:8188kB, shmem-rss:0kB, UID:0 pgtables:104kB oom_score_adj:1000
[  100.817111][ T9124] Out of memory (oom_kill_allocating_task): Killed process 9115 (syz-executor.0) total-vm:59508kB, anon-rss:132kB, file-rss:8188kB, shmem-rss:0kB, UID:0 pgtables:104kB oom_score_adj:1000
[  100.818127][ T9124] warn_alloc: 50 callbacks suppressed
[  100.818140][ T9124] iou-wrk-9115: page allocation failure: order:0, mode:0xcc0(GFP_KERNEL), nodemask=(null),cpuset=syz0,mems_allowed=0
[  100.819214][ T9124] CPU: 0 PID: 9124 Comm: iou-wrk-9115 Not tainted 6.9.0-rc4 #1
[  100.819644][ T9124] Hardware name: QEMU Standard PC (i440FX + PIIX, 1996), BIOS 1.15.0-1 04/01/2014
[  100.820123][ T9124] Call Trace:
[  100.820317][ T9124]  <TASK>
[  100.820492][ T9124]  dump_stack_lvl+0x111/0x140
[  100.820804][ T9124]  dump_stack+0x19/0x20
[  100.821072][ T9124]  warn_alloc+0x10e/0x190
[  100.821339][ T9124]  ? srso_alias_return_thunk+0x5/0xfbef5
[  100.821679][ T9124]  __alloc_pages+0x122f/0x13b0
[  100.821969][ T9124]  new_slab+0x365/0x3d0
[  100.822229][ T9124]  ? __sanitizer_cov_trace_const_cmp1+0x1e/0x30
[  100.822599][ T9124]  ___slab_alloc+0x63b/0x10f0
[  100.822888][ T9124]  ? io_refill_buffer_cache+0x218/0x250
[  100.823217][ T9124]  ? srso_alias_return_thunk+0x5/0xfbef5
[  100.823559][ T9124]  ? trace_hardirqs_on+0x61/0xe0
[  100.823848][ T9124]  kmem_cache_alloc+0x239/0x290
[  100.824149][ T9124]  ? srso_alias_return_thunk+0x5/0xfbef5
[  100.824486][ T9124]  ? kmem_cache_alloc+0x239/0x290
[  100.824802][ T9124]  ? io_refill_buffer_cache+0x218/0x250
[  100.825134][ T9124]  io_refill_buffer_cache+0x218/0x250
[  100.825456][ T9124]  ? srso_alias_return_thunk+0x5/0xfbef5
[  100.825796][ T9124]  ? __lock_acquire+0x51f/0x15f0
[  100.826114][ T9124]  ? srso_alias_return_thunk+0x5/0xfbef5
[  100.826454][ T9124]  ? __lock_acquire+0x51f/0x15f0
[  100.826769][ T9124]  ? srso_alias_return_thunk+0x5/0xfbef5
[  100.827108][ T9124]  ? __lock_acquire+0x51f/0x15f0
[  100.827428][ T9124]  ? __pfx_trace_contention_end+0xa/0x10
[  100.827764][ T9124]  ? srso_alias_return_thunk+0x5/0xfbef5
[  100.828100][ T9124]  ? lock_is_held_type+0xa0/0x110
[  100.828408][ T9124]  ? srso_alias_return_thunk+0x5/0xfbef5
[  100.828758][ T9124]  ? srso_alias_return_thunk+0x5/0xfbef5
[  100.829095][ T9124]  ? find_held_lock+0x31/0x90
[  100.829388][ T9124]  ? xa_load+0xea/0x220
[  100.829661][ T9124]  ? srso_alias_return_thunk+0x5/0xfbef5
[  100.829999][ T9124]  ? lock_release+0xac/0x260
[  100.830296][ T9124]  ? srso_alias_return_thunk+0x5/0xfbef5
[  100.830640][ T9124]  ? srso_alias_return_thunk+0x5/0xfbef5
[  100.830985][ T9124]  ? xa_load+0xef/0x220
[  100.831259][ T9124]  io_provide_buffers+0x28a/0x510
[  100.831563][ T9124]  ? srso_alias_return_thunk+0x5/0xfbef5
[  100.831908][ T9124]  io_issue_sqe+0xa1/0x5b0
[  100.832188][ T9124]  io_wq_submit_work+0x124/0x580
[  100.832484][ T9124]  io_worker_handle_work+0x33b/0x920
[  100.832799][ T9124]  ? __pfx_process_timeout+0x10/0x10
[  100.833100][ T9124]  io_wq_worker+0x140/0x610
[  100.833382][ T9124]  ? srso_alias_return_thunk+0x5/0xfbef5
[  100.833708][ T9124]  ? trace_hardirqs_on+0x61/0xe0
[  100.833990][ T9124]  ? srso_alias_return_thunk+0x5/0xfbef5
[  100.834331][ T9124]  ? _raw_spin_unlock_irq+0x27/0x50
[  100.834650][ T9124]  ? srso_alias_return_thunk+0x5/0xfbef5
[  100.834981][ T9124]  ? __pfx_io_wq_worker+0x10/0x10
[  100.835273][ T9124]  ret_from_fork+0x54/0x60
[  100.835551][ T9124]  ? __pfx_io_wq_worker+0x10/0x10
[  100.835847][ T9124]  ret_from_fork_asm+0x1a/0x30
[  100.836145][ T9124] RIP: 0033:0x0
[  100.836351][ T9124] Code: Unable to access opcode bytes at 0xffffffffffffffd6.
[  100.836753][ T9124] RSP: 002b:0000000000000000 EFLAGS: 00000246 ORIG_RAX: 00000000000001aa
[  100.837217][ T9124] RAX: 0000000000000000 RBX: 00007f13cd7cbf80 RCX: 00007f13cd69002d
[  100.837650][ T9124] RDX: 0000000000000000 RSI: 000000000000079e RDI: 0000000000000007
[  100.838078][ T9124] RBP: 00007f13cd6f14d0 R08: 0000000000000000 R09: 0000000000000000
[  100.838511][ T9124] R10: 0000000000000000 R11: 0000000000000246 R12: 0000000000000000
[  100.838930][ T9124] R13: 000000000000000b R14: 00007f13cd7cbf80 R15: 00007f13ce308000
[  100.839365][ T9124]  </TASK>
[  100.839635][ T9124] Mem-Info:
[  100.839821][ T9124] active_anon:0 inactive_anon:0 isolated_anon:0
[  100.839821][ T9124]  active_file:130 inactive_file:31 isolated_file:0
[  100.839821][ T9124]  unevictable:768 dirty:0 writeback:0
[  100.839821][ T9124]  slab_reclaimable:3954 slab_unreclaimable:403982
[  100.839821][ T9124]  mapped:16385 shmem:768 pagetables:573
[  100.839821][ T9124]  sec_pagetables:0 bounce:0
[  100.839821][ T9124]  kernel_misc_reclaimable:0
[  100.839821][ T9124]  free:7481 free_pcp:390 free_cma:0
[  100.842033][ T9124] Node 0 active_anon:0kB inactive_anon:0kB active_file:548kB inactive_file:96kB unevictable:3072kB isolated(anon):0kB isolated(file):0kB mapped:65540kB dirty:0kB writeback:0kB shmem:3072kB shmem_thp:0kB shmem_pmdmapped:0kB anon_thp:0kB writeback_tmp:0kB kernel_stack:3888kB pagetables:2292kB sec_pagetables:0kB all_unreclaimable? no
[  100.843607][ T9124] Node 0 DMA free:7576kB boost:0kB min:356kB low:444kB high:532kB reserved_highatomic:0KB active_anon:0kB inactive_anon:0kB active_file:0kB inactive_file:0kB unevictable:0kB writepending:0kB present:15992kB managed:15360kB mlocked:0kB bounce:0kB free_pcp:124kB local_pcp:124kB free_cma:0kB
[  100.845006][ T9124] lowmem_reserve[]: 0 1876 1876 1876 1876
[  100.845359][ T9124] Node 0 DMA32 free:22348kB boost:0kB min:44696kB low:55868kB high:67040kB reserved_highatomic:4096KB active_anon:0kB inactive_anon:0kB active_file:16kB inactive_file:628kB unevictable:3072kB writepending:0kB present:2080640kB managed:1937376kB mlocked:0kB bounce:0kB free_pcp:1436kB local_pcp:752kB free_cma:0kB
[  100.846856][ T9124] lowmem_reserve[]: 0 0 0 0 0
[  100.847164][ T9124] Node 0 DMA: 0*4kB 1*8kB (U) 1*16kB (U) 0*32kB 0*64kB 1*128kB (U) 1*256kB (U) 0*512kB 1*1024kB (U) 1*2048kB (M) 1*4096kB (M) = 7576kB
[  100.848059][ T9124] Node 0 DMA32: 467*4kB (UME) 316*8kB (UME) 222*16kB (ME) 128*32kB (UME) 83*64kB (UME) 37*128kB (UM) 1*256kB (M) 0*512kB 0*1024kB 0*2048kB 0*4096kB = 22348kB
[  100.849113][ T9124] Node 0 hugepages_total=0 hugepages_free=0 hugepages_surp=0 hugepages_size=1048576kB
[  100.849621][ T9124] Node 0 hugepages_total=0 hugepages_free=0 hugepages_surp=0 hugepages_size=2048kB
[  100.850116][ T9124] 929 total pagecache pages
[  100.850372][ T9124] 0 pages in swap cache
[  100.850606][ T9124] Free swap  = 108824kB
[  100.850837][ T9124] Total swap = 124996kB
[  100.851074][ T9124] 524158 pages RAM
[  100.851283][ T9124] 0 pages HighMem/MovableOnly
[  100.851541][ T9124] 35974 pages reserved
[  100.851767][ T9124] 0 pages cma reserved
[  101.063909][ T9124] Out of memory (oom_kill_allocating_task): Killed process 9115 (syz-executor.0) total-vm:59508kB, anon-rss:132kB, file-rss:8188kB, shmem-rss:0kB, UID:0 pgtables:104kB oom_score_adj:1000
[  101.064944][ T9124] slab_out_of_memory: 13 callbacks suppressed
[  101.064958][ T9124] SLUB: Unable to allocate memory on node -1, gfp=0x400cc0(GFP_KERNEL_ACCOUNT)
[  101.065746][ T9124]   cache: kmalloc-cg-32, object size: 32, buffer size: 32, default order: 0, min order: 0
[  101.066285][ T9124]   node 0: slabs: 300390, objs: 38449920, free: 0
[  101.274718][ T9124] Out of memory (oom_kill_allocating_task): Killed process 9115 (syz-executor.0) total-vm:59508kB, anon-rss:132kB, file-rss:8188kB, shmem-rss:0kB, UID:0 pgtables:104kB oom_score_adj:1000
[  101.275946][ T9124] SLUB: Unable to allocate memory on node -1, gfp=0xcc0(GFP_KERNEL)
[  101.276478][ T9124]   cache: kmalloc-cg-32, object size: 32, buffer size: 32, default order: 0, min order: 0
[  101.277119][ T9124]   node 0: slabs: 300390, objs: 38449920, free: 0
[  101.549313][ T9124] Out of memory (oom_kill_allocating_task): Killed process 9115 (syz-executor.0) total-vm:59508kB, anon-rss:132kB, file-rss:8188kB, shmem-rss:0kB, UID:0 pgtables:104kB oom_score_adj:1000
[  101.550552][ T9124] SLUB: Unable to allocate memory on node -1, gfp=0x400cc0(GFP_KERNEL_ACCOUNT)
[  101.551131][ T9124]   cache: kmalloc-cg-32, object size: 32, buffer size: 32, default order: 0, min order: 0
[  101.551796][ T9124]   node 0: slabs: 300390, objs: 38449920, free: 0
[  101.799364][ T9124] Out of memory (oom_kill_allocating_task): Killed process 9115 (syz-executor.0) total-vm:59508kB, anon-rss:132kB, file-rss:8188kB, shmem-rss:0kB, UID:0 pgtables:104kB oom_score_adj:1000
[  101.800671][ T9124] SLUB: Unable to allocate memory on node -1, gfp=0xcc0(GFP_KERNEL)
[  101.801215][ T9124]   cache: kmalloc-cg-32, object size: 32, buffer size: 32, default order: 0, min order: 0
[  101.801842][ T9124]   node 0: slabs: 300390, objs: 38449920, free: 0
[  101.994185][ T9124] Out of memory (oom_kill_allocating_task): Killed process 9115 (syz-executor.0) total-vm:59508kB, anon-rss:132kB, file-rss:8188kB, shmem-rss:0kB, UID:0 pgtables:104kB oom_score_adj:1000
[  101.995204][ T9124] SLUB: Unable to allocate memory on node -1, gfp=0x400cc0(GFP_KERNEL_ACCOUNT)
[  101.995683][ T9124]   cache: kmalloc-cg-32, object size: 32, buffer size: 32, default order: 0, min order: 0
[  101.996206][ T9124]   node 0: slabs: 300390, objs: 38449920, free: 0
[  102.159225][ T9124] Out of memory (oom_kill_allocating_task): Killed process 9115 (syz-executor.0) total-vm:59508kB, anon-rss:132kB, file-rss:8188kB, shmem-rss:0kB, UID:0 pgtables:104kB oom_score_adj:1000
[  102.160279][ T9124] SLUB: Unable to allocate memory on node -1, gfp=0xcc0(GFP_KERNEL)
[  102.160741][ T9124]   cache: kmalloc-cg-32, object size: 32, buffer size: 32, default order: 0, min order: 0
[  102.161282][ T9124]   node 0: slabs: 300390, objs: 38449920, free: 0
[  102.362958][ T9124] oom_kill_process: 11 callbacks suppressed
[  102.362977][ T9124] iou-wrk-9115 invoked oom-killer: gfp_mask=0xcc0(GFP_KERNEL), order=0, oom_score_adj=1000
[  102.363897][ T9124] CPU: 0 PID: 9124 Comm: iou-wrk-9115 Not tainted 6.9.0-rc4 #1
[  102.364314][ T9124] Hardware name: QEMU Standard PC (i440FX + PIIX, 1996), BIOS 1.15.0-1 04/01/2014
[  102.364898][ T9124] Call Trace:
[  102.365122][ T9124]  <TASK>
[  102.365300][ T9124]  dump_stack_lvl+0x111/0x140
[  102.365598][ T9124]  dump_stack+0x19/0x20
[  102.365867][ T9124]  dump_header+0x51/0x400
[  102.366127][ T9124]  oom_kill_process+0x17a/0x6e0
[  102.366418][ T9124]  out_of_memory+0x597/0xab0
[  102.366700][ T9124]  __alloc_pages+0x117f/0x13b0
[  102.366992][ T9124]  new_slab+0x365/0x3d0
[  102.367250][ T9124]  ? __sanitizer_cov_trace_const_cmp1+0x1e/0x30
[  102.367616][ T9124]  ___slab_alloc+0x63b/0x10f0
[  102.367903][ T9124]  ? mark_held_locks+0x4d/0x80
[  102.368208][ T9124]  ? io_refill_buffer_cache+0x125/0x250
[  102.368541][ T9124]  ? srso_alias_return_thunk+0x5/0xfbef5
[  102.368872][ T9124]  ? mark_held_locks+0x4d/0x80
[  102.369174][ T9124]  kmem_cache_alloc_bulk+0x222/0x710
[  102.369500][ T9124]  ? srso_alias_return_thunk+0x5/0xfbef5
[  102.369836][ T9124]  ? kmem_cache_alloc_bulk+0x222/0x710
[  102.370168][ T9124]  ? srso_alias_return_thunk+0x5/0xfbef5
[  102.370513][ T9124]  ? obj_cgroup_uncharge+0x12/0x20
[  102.370812][ T9124]  ? kmem_cache_alloc_bulk+0x154/0x710
[  102.371139][ T9124]  ? srso_alias_return_thunk+0x5/0xfbef5
[  102.371472][ T9124]  ? trace_kmem_cache_alloc+0x24/0xb0
[  102.371788][ T9124]  ? srso_alias_return_thunk+0x5/0xfbef5
[  102.372124][ T9124]  ? kmem_cache_alloc+0x132/0x290
[  102.372435][ T9124]  io_refill_buffer_cache+0x125/0x250
[  102.372756][ T9124]  ? io_refill_buffer_cache+0x125/0x250
[  102.373138][ T9124]  ? srso_alias_return_thunk+0x5/0xfbef5
[  102.373473][ T9124]  ? __lock_acquire+0x51f/0x15f0
[  102.373782][ T9124]  ? srso_alias_return_thunk+0x5/0xfbef5
[  102.374141][ T9124]  ? __lock_acquire+0x51f/0x15f0
[  102.374487][ T9124]  ? srso_alias_return_thunk+0x5/0xfbef5
[  102.374818][ T9124]  ? __lock_acquire+0x51f/0x15f0
[  102.375129][ T9124]  ? __pfx_trace_contention_end+0xa/0x10
[  102.375454][ T9124]  ? srso_alias_return_thunk+0x5/0xfbef5
[  102.375786][ T9124]  ? lock_is_held_type+0xa0/0x110
[  102.376086][ T9124]  ? srso_alias_return_thunk+0x5/0xfbef5
[  102.376418][ T9124]  ? srso_alias_return_thunk+0x5/0xfbef5
[  102.376813][ T9124]  ? find_held_lock+0x31/0x90
[  102.377108][ T9124]  ? xa_load+0xea/0x220
[  102.377375][ T9124]  ? srso_alias_return_thunk+0x5/0xfbef5
[  102.377756][ T9124]  ? lock_release+0xac/0x260
[  102.378069][ T9124]  ? srso_alias_return_thunk+0x5/0xfbef5
[  102.378465][ T9124]  ? srso_alias_return_thunk+0x5/0xfbef5
[  102.378859][ T9124]  ? xa_load+0xef/0x220
[  102.379174][ T9124]  io_provide_buffers+0x28a/0x510
[  102.379528][ T9124]  ? srso_alias_return_thunk+0x5/0xfbef5
[  102.379925][ T9124]  io_issue_sqe+0xa1/0x5b0
[  102.380253][ T9124]  io_wq_submit_work+0x124/0x580
[  102.380610][ T9124]  io_worker_handle_work+0x33b/0x920
[  102.380977][ T9124]  ? __pfx_process_timeout+0x10/0x10
[  102.381351][ T9124]  io_wq_worker+0x140/0x610
[  102.381670][ T9124]  ? srso_alias_return_thunk+0x5/0xfbef5
[  102.382064][ T9124]  ? trace_hardirqs_on+0x61/0xe0
[  102.382422][ T9124]  ? srso_alias_return_thunk+0x5/0xfbef5
[  102.382758][ T9124]  ? _raw_spin_unlock_irq+0x27/0x50
[  102.383079][ T9124]  ? srso_alias_return_thunk+0x5/0xfbef5
[  102.383410][ T9124]  ? __pfx_io_wq_worker+0x10/0x10
[  102.383698][ T9124]  ret_from_fork+0x54/0x60
[  102.383971][ T9124]  ? __pfx_io_wq_worker+0x10/0x10
[  102.384260][ T9124]  ret_from_fork_asm+0x1a/0x30
[  102.384558][ T9124] RIP: 0033:0x0
[  102.384764][ T9124] Code: Unable to access opcode bytes at 0xffffffffffffffd6.
[  102.385156][ T9124] RSP: 002b:0000000000000000 EFLAGS: 00000246 ORIG_RAX: 00000000000001aa
[  102.385633][ T9124] RAX: 0000000000000000 RBX: 00007f13cd7cbf80 RCX: 00007f13cd69002d
[  102.386142][ T9124] RDX: 0000000000000000 RSI: 000000000000079e RDI: 0000000000000007
[  102.386660][ T9124] RBP: 00007f13cd6f14d0 R08: 0000000000000000 R09: 0000000000000000
[  102.387080][ T9124] R10: 0000000000000000 R11: 0000000000000246 R12: 0000000000000000
[  102.387507][ T9124] R13: 000000000000000b R14: 00007f13cd7cbf80 R15: 00007f13ce308000
[  102.387940][ T9124]  </TASK>
[  102.388224][ T9124] Mem-Info:
[  102.388410][ T9124] active_anon:0 inactive_anon:0 isolated_anon:0
[  102.388410][ T9124]  active_file:79 inactive_file:82 isolated_file:0
[  102.388410][ T9124]  unevictable:768 dirty:0 writeback:0
[  102.388410][ T9124]  slab_reclaimable:3954 slab_unreclaimable:403982
[  102.388410][ T9124]  mapped:16385 shmem:768 pagetables:573
[  102.388410][ T9124]  sec_pagetables:0 bounce:0
[  102.388410][ T9124]  kernel_misc_reclaimable:0
[  102.388410][ T9124]  free:7481 free_pcp:390 free_cma:0
[  102.390611][ T9124] Node 0 active_anon:0kB inactive_anon:0kB active_file:252kB inactive_file:392kB unevictable:3072kB isolated(anon):0kB isolated(file):0kB mapped:65540kB dirty:0kB writeback:0kB shmem:3072kB shmem_thp:0kB shmem_pmdmapped:0kB anon_thp:0kB writeback_tmp:0kB kernel_stack:3888kB pagetables:2292kB sec_pagetables:0kB all_unreclaimable? no
[  102.392281][ T9124] Node 0 DMA free:7576kB boost:0kB min:356kB low:444kB high:532kB reserved_highatomic:0KB active_anon:0kB inactive_anon:0kB active_file:0kB inactive_file:0kB unevictable:0kB writepending:0kB present:15992kB managed:15360kB mlocked:0kB bounce:0kB free_pcp:124kB local_pcp:124kB free_cma:0kB
[  102.393895][ T9124] lowmem_reserve[]: 0 1876 1876 1876 1876
[  102.394247][ T9124] Node 0 DMA32 free:22348kB boost:0kB min:44696kB low:55868kB high:67040kB reserved_highatomic:4096KB active_anon:0kB inactive_anon:0kB active_file:0kB inactive_file:820kB unevictable:3072kB writepending:0kB present:2080640kB managed:1937376kB mlocked:0kB bounce:0kB free_pcp:1436kB local_pcp:752kB free_cma:0kB
[  102.395782][ T9124] lowmem_reserve[]: 0 0 0 0 0
[  102.396108][ T9124] Node 0 DMA: 0*4kB 1*8kB (U) 1*16kB (U) 0*32kB 0*64kB 1*128kB (U) 1*256kB (U) 0*512kB 1*1024kB (U) 1*2048kB (M) 1*4096kB (M) = 7576kB
[  102.397001][ T9124] Node 0 DMA32: 467*4kB (UME) 316*8kB (UME) 222*16kB (ME) 128*32kB (UME) 83*64kB (UME) 37*128kB (UM) 1*256kB (M) 0*512kB 0*1024kB 0*2048kB 0*4096kB = 22348kB
[  102.398044][ T9124] Node 0 hugepages_total=0 hugepages_free=0 hugepages_surp=0 hugepages_size=1048576kB
[  102.398586][ T9124] Node 0 hugepages_total=0 hugepages_free=0 hugepages_surp=0 hugepages_size=2048kB
[  102.399072][ T9124] 929 total pagecache pages
[  102.399319][ T9124] 0 pages in swap cache
[  102.399547][ T9124] Free swap  = 108824kB
[  102.399774][ T9124] Total swap = 124996kB
[  102.400002][ T9124] 524158 pages RAM
[  102.400210][ T9124] 0 pages HighMem/MovableOnly
[  102.400468][ T9124] 35974 pages reserved
[  102.400701][ T9124] 0 pages cma reserved
[  102.400930][ T9124] Unreclaimable slab info:
[  102.401172][ T9124] Name                      Used          Total
[  102.401504][ T9124] bio-352                    7KB          7KB
[  102.401830][ T9124] bio-416                    7KB          7KB
[  102.402154][ T9124] bio-432                    7KB          7KB
[  102.402506][ T9124] bio-528                    7KB          7KB
[  102.402890][ T9124] zs_handle                 17KB         40KB
[  102.403286][ T9124] IEEE-802.15.4-RAW         15KB         15KB
[  102.403617][ T9124] SMC                       63KB         63KB
[  102.403957][ T9124] SCTPv6                    63KB         63KB
[  102.404284][ T9124] SCTP                      62KB         62KB
[  102.404621][ T9124] DCCPv6                    61KB         61KB
[  102.404948][ T9124] DCCP                      63KB         63KB
[  102.405281][ T9124] PNPIPE                    31KB         31KB
[  102.405661][ T9124] rxrpc_call_jar           156KB        156KB
[  102.405993][ T9124] TCPv6                     95KB         95KB
[  102.406320][ T9124] nf_conntrack              26KB         26KB
[  102.406648][ T9124] bio-136                   23KB         23KB
[  102.406992][ T9124] io_kiocb                4630KB       4656KB
[  102.407320][ T9124] bio-264                    3KB          3KB
[  102.407646][ T9124] mqueue_inode_cache         61KB         61KB
[  102.407980][ T9124] f2fs_bio_post_read_ctx         15KB         15KB
[  102.408415][ T9124] jfs_mp                     7KB          7KB
[  102.408750][ T9124] fuse_request               3KB          3KB
[  102.409077][ T9124] cifs_small_rq             15KB         15KB
[  102.409439][ T9124] cifs_request              65KB         65KB
[  102.409846][ T9124] nfs_commit_data           15KB         15KB
[  102.410267][ T9124] nfs_page                  20KB         20KB
[  102.410706][ T9124] ecryptfs_key_record_cache          7KB          7KB
[  102.411152][ T9124] kioctx                    31KB         31KB
[  102.411549][ T9124] pid_namespace              7KB          7KB
[  102.411943][ T9124] UNIX                     159KB        159KB
[  102.412340][ T9124] MPTCP                     60KB         60KB
[  102.412745][ T9124] ip_fib_trie               27KB         27KB
[  102.413139][ T9124] ip_fib_alias              75KB         75KB
[  102.413532][ T9124] RAW                       63KB         63KB
[  102.413926][ T9124] UDP                      151KB        151KB
[  102.414320][ T9124] tw_sock_TCP                3KB          3KB
[  102.414714][ T9124] request_sock_TCP           7KB          7KB
[  102.415108][ T9124] TCP                       60KB         60KB
[  102.415503][ T9124] hugetlbfs_inode_cache         15KB         15KB
[  102.415917][ T9124] bio-256                   11KB         11KB
[  102.416310][ T9124] inotify_inode_mark         19KB         19KB
[  102.416712][ T9124] request_queue            121KB        121KB
[  102.417098][ T9124] bio-200                   36KB         36KB
[  102.417433][ T9124] biovec-128                64KB         64KB
[  102.417830][ T9124] khugepaged_mm_slot         11KB         11KB
[  102.418259][ T9124] iommu_iova_magazine         32KB         32KB
[  102.418626][ T9124] dmaengine-unmap-256         30KB         30KB
[  102.419035][ T9124] dmaengine-unmap-128         15KB         15KB
[  102.419441][ T9124] QIPCRTR                   31KB         31KB
[  102.420020][ T9124] audit_buffer               3KB          3KB
[  102.420414][ T9124] skbuff_ext_cache          63KB         63KB
[  102.420817][ T9124] skbuff_small_head         89KB         97KB
[  102.421213][ T9124] skbuff_head_cache         52KB         68KB
[  102.421609][ T9124] file_lock_cache            7KB          7KB
[  102.422008][ T9124] file_lock_ctx             71KB        287KB
[  102.422402][ T9124] taskstats                 15KB         15KB
[  102.422795][ T9124] pde_opener                 7KB          7KB
[  102.423190][ T9124] seq_file                   7KB          7KB
[  102.423582][ T9124] sigqueue                   7KB          7KB
[  102.423977][ T9124] shmem_inode_cache       5287KB       5342KB
[  102.424372][ T9124] kernfs_iattrs_cache         11KB         11KB
[  102.424783][ T9124] kernfs_node_cache      16785KB      16792KB
[  102.425180][ T9124] mnt_cache                126KB        126KB
[  102.425580][ T9124] filp                     288KB        392KB
[  102.425974][ T9124] names_cache              384KB        384KB
[  102.426368][ T9124] net_namespace             83KB         83KB
[  102.426764][ T9124] lsm_file_cache            74KB         94KB
[  102.427159][ T9124] key_jar                   31KB         31KB
[  102.427551][ T9124] uts_namespace             15KB         15KB
[  102.427944][ T9124] nsproxy                    7KB          7KB
[  102.428709][ T9124] vma_lock                 255KB        339KB
[  102.429050][ T9124] files_cache              154KB        154KB
[  102.429382][ T9124] signal_cache             448KB        625KB
[  102.429722][ T9124] sighand_cache            638KB        704KB
[  102.430064][ T9124] task_struct             2160KB       2455KB
[  102.430403][ T9124] anon_vma                 165KB        186KB
[  102.430743][ T9124] Acpi-State                75KB        179KB
[  102.431091][ T9124] shared_policy_node        446KB        625KB
[  102.431431][ T9124] numa_policy                8KB          8KB
[  102.431775][ T9124] trace_event_file         354KB        354KB
[  102.432129][ T9124] ftrace_event_field        542KB        542KB
[  102.432476][ T9124] pool_workqueue           256KB        256KB
[  102.432880][ T9124] maple_node               816KB        916KB
[  102.433225][ T9124] task_group                31KB         31KB
[  102.433555][ T9124] mm_struct                157KB        157KB
[  102.433883][ T9124] vmap_area                 65KB         74KB
[  102.434218][ T9124] page->ptl                 51KB         68KB
[  102.434555][ T9124] kmalloc-cg-8k            768KB        768KB
[  102.434891][ T9124] kmalloc-cg-4k           9056KB       9056KB
[  102.435227][ T9124] kmalloc-cg-2k           6490KB       6528KB
[  102.435561][ T9124] kmalloc-cg-1k           1526KB       1536KB
[  102.435894][ T9124] kmalloc-cg-512           888KB        888KB
[  102.436231][ T9124] kmalloc-cg-256           201KB        220KB
[  102.436582][ T9124] kmalloc-cg-192           475KB        712KB
[  102.436924][ T9124] kmalloc-cg-128           412KB        412KB
[  102.437273][ T9124] kmalloc-cg-96             15KB         15KB
[  102.437679][ T9124] kmalloc-cg-64             72KB        112KB
[  102.438052][ T9124] kmalloc-cg-32        1201560KB    1201560KB
[  102.438438][ T9124] kmalloc-cg-16             19KB         32KB
[  102.438788][ T9124] kmalloc-cg-8               8KB          8KB
[  102.439136][ T9124] kmalloc-8k              2912KB       2912KB
[  102.439472][ T9124] kmalloc-4k              2580KB       2784KB
[  102.439809][ T9124] kmalloc-2k              4840KB       5024KB
[  102.440145][ T9124] kmalloc-1k            304247KB     304280KB
[  102.440483][ T9124] kmalloc-512             7174KB       7200KB
[  102.440830][ T9124] kmalloc-256             1406KB       1436KB
[  102.441169][ T9124] kmalloc-192              698KB        763KB
[  102.441513][ T9124] kmalloc-128              837KB       1016KB
[  102.441854][ T9124] kmalloc-96               770KB        819KB
[  102.442197][ T9124] kmalloc-64               721KB        744KB
[  102.442532][ T9124] kmalloc-32               808KB        808KB
[  102.442870][ T9124] kmalloc-16               110KB        116KB
[  102.443207][ T9124] kmalloc-8                 83KB         84KB
[  102.443538][ T9124] kmem_cache_node           40KB         40KB
[  102.443874][ T9124] kmem_cache                76KB         76KB
[  102.444213][ T9124] oom-kill:constraint=CONSTRAINT_NONE,nodemask=(null),cpuset=syz0,mems_allowed=0,global_oom,task_memcg=/syz0,task=iou-wrk-9115,pid=9124,uid=0
[  102.445037][ T9124] Out of memory (oom_kill_allocating_task): Killed process 9115 (syz-executor.0) total-vm:59508kB, anon-rss:132kB, file-rss:8188kB, shmem-rss:0kB, UID:0 pgtables:104kB oom_score_adj:1000
[  102.446028][ T9124] SLUB: Unable to allocate memory on node -1, gfp=0x400cc0(GFP_KERNEL_ACCOUNT)
[  102.446509][ T9124]   cache: kmalloc-cg-32, object size: 32, buffer size: 32, default order: 0, min order: 0
[  102.447055][ T9124]   node 0: slabs: 300390, objs: 38449920, free: 0
[  102.641318][ T9124] iou-wrk-9115 invoked oom-killer: gfp_mask=0xcc0(GFP_KERNEL), order=0, oom_score_adj=1000
[  102.641970][ T9124] CPU: 0 PID: 9124 Comm: iou-wrk-9115 Not tainted 6.9.0-rc4 #1
[  102.642436][ T9124] Hardware name: QEMU Standard PC (i440FX + PIIX, 1996), BIOS 1.15.0-1 04/01/2014
[  102.642977][ T9124] Call Trace:
[  102.643193][ T9124]  <TASK>
[  102.643389][ T9124]  dump_stack_lvl+0x111/0x140
[  102.643718][ T9124]  dump_stack+0x19/0x20
[  102.644015][ T9124]  dump_header+0x51/0x400
[  102.644299][ T9124]  oom_kill_process+0x17a/0x6e0
[  102.644629][ T9124]  out_of_memory+0x597/0xab0
[  102.644939][ T9124]  __alloc_pages+0x117f/0x13b0
[  102.645269][ T9124]  new_slab+0x365/0x3d0
[  102.645550][ T9124]  ? __sanitizer_cov_trace_const_cmp1+0x1e/0x30
[  102.645966][ T9124]  ___slab_alloc+0x63b/0x10f0
[  102.646280][ T9124]  ? io_refill_buffer_cache+0x218/0x250
[  102.646644][ T9124]  ? srso_alias_return_thunk+0x5/0xfbef5
[  102.647015][ T9124]  ? trace_hardirqs_on+0x61/0xe0
[  102.647343][ T9124]  kmem_cache_alloc+0x239/0x290
[  102.647672][ T9124]  ? srso_alias_return_thunk+0x5/0xfbef5
[  102.648042][ T9124]  ? kmem_cache_alloc+0x239/0x290
[  102.648387][ T9124]  ? io_refill_buffer_cache+0x218/0x250
[  102.648754][ T9124]  io_refill_buffer_cache+0x218/0x250
[  102.649098][ T9124]  ? srso_alias_return_thunk+0x5/0xfbef5
[  102.649468][ T9124]  ? __lock_acquire+0x51f/0x15f0
[  102.649816][ T9124]  ? srso_alias_return_thunk+0x5/0xfbef5
[  102.650187][ T9124]  ? __lock_acquire+0x51f/0x15f0
[  102.650533][ T9124]  ? srso_alias_return_thunk+0x5/0xfbef5
[  102.650905][ T9124]  ? __lock_acquire+0x51f/0x15f0
[  102.651251][ T9124]  ? __pfx_trace_contention_end+0xa/0x10
[  102.651614][ T9124]  ? srso_alias_return_thunk+0x5/0xfbef5
[  102.651991][ T9124]  ? lock_is_held_type+0xa0/0x110
[  102.652332][ T9124]  ? srso_alias_return_thunk+0x5/0xfbef5
[  102.652714][ T9124]  ? srso_alias_return_thunk+0x5/0xfbef5
[  102.653088][ T9124]  ? find_held_lock+0x31/0x90
[  102.653399][ T9124]  ? xa_load+0xea/0x220
[  102.653689][ T9124]  ? srso_alias_return_thunk+0x5/0xfbef5
[  102.654057][ T9124]  ? lock_release+0xac/0x260
[  102.654452][ T9124]  ? srso_alias_return_thunk+0x5/0xfbef5
[  102.654901][ T9124]  ? srso_alias_return_thunk+0x5/0xfbef5
[  102.655351][ T9124]  ? xa_load+0xef/0x220
[  102.655710][ T9124]  io_provide_buffers+0x28a/0x510
[  102.656112][ T9124]  ? srso_alias_return_thunk+0x5/0xfbef5
[  102.656566][ T9124]  io_issue_sqe+0xa1/0x5b0
[  102.656936][ T9124]  io_wq_submit_work+0x124/0x580
[  102.657340][ T9124]  io_worker_handle_work+0x33b/0x920
[  102.657753][ T9124]  ? __pfx_process_timeout+0x10/0x10
[  102.658183][ T9124]  io_wq_worker+0x140/0x610
[  102.658530][ T9124]  ? srso_alias_return_thunk+0x5/0xfbef5
[  102.658896][ T9124]  ? trace_hardirqs_on+0x61/0xe0
[  102.659213][ T9124]  ? srso_alias_return_thunk+0x5/0xfbef5
[  102.659577][ T9124]  ? _raw_spin_unlock_irq+0x27/0x50
[  102.659929][ T9124]  ? srso_alias_return_thunk+0x5/0xfbef5
[  102.660292][ T9124]  ? __pfx_io_wq_worker+0x10/0x10
[  102.660625][ T9124]  ret_from_fork+0x54/0x60
[  102.660923][ T9124]  ? __pfx_io_wq_worker+0x10/0x10
[  102.661247][ T9124]  ret_from_fork_asm+0x1a/0x30
[  102.661566][ T9124] RIP: 0033:0x0
[  102.661795][ T9124] Code: Unable to access opcode bytes at 0xffffffffffffffd6.
[  102.662227][ T9124] RSP: 002b:0000000000000000 EFLAGS: 00000246 ORIG_RAX: 00000000000001aa
[  102.662726][ T9124] RAX: 0000000000000000 RBX: 00007f13cd7cbf80 RCX: 00007f13cd69002d
[  102.663194][ T9124] RDX: 0000000000000000 RSI: 000000000000079e RDI: 0000000000000007
[  102.663660][ T9124] RBP: 00007f13cd6f14d0 R08: 0000000000000000 R09: 0000000000000000
[  102.664136][ T9124] R10: 0000000000000000 R11: 0000000000000246 R12: 0000000000000000
[  102.664607][ T9124] R13: 000000000000000b R14: 00007f13cd7cbf80 R15: 00007f13ce308000
[  102.665081][ T9124]  </TASK>
[  102.665321][ T9124] Mem-Info:
[  102.665518][ T9124] active_anon:0 inactive_anon:0 isolated_anon:0
[  102.665518][ T9124]  active_file:142 inactive_file:19 isolated_file:0
[  102.665518][ T9124]  unevictable:768 dirty:0 writeback:0
[  102.665518][ T9124]  slab_reclaimable:3954 slab_unreclaimable:403982
[  102.665518][ T9124]  mapped:16385 shmem:768 pagetables:573
[  102.665518][ T9124]  sec_pagetables:0 bounce:0
[  102.665518][ T9124]  kernel_misc_reclaimable:0
[  102.665518][ T9124]  free:7481 free_pcp:394 free_cma:0
[  102.667922][ T9124] Node 0 active_anon:0kB inactive_anon:0kB active_file:572kB inactive_file:72kB unevictable:3072kB isolated(anon):0kB isolated(file):0kB mapped:65540kB dirty:0kB writeback:0kB shmem:3072kB shmem_thp:0kB shmem_pmdmapped:0kB anon_thp:0kB writeback_tmp:0kB kernel_stack:3888kB pagetables:2292kB sec_pagetables:0kB all_unreclaimable? no
[  102.669771][ T9124] Node 0 DMA free:7576kB boost:0kB min:356kB low:444kB high:532kB reserved_highatomic:0KB active_anon:0kB inactive_anon:0kB active_file:0kB inactive_file:0kB unevictable:0kB writepending:0kB present:15992kB managed:15360kB mlocked:0kB bounce:0kB free_pcp:124kB local_pcp:124kB free_cma:0kB
[  102.671339][ T9124] lowmem_reserve[]: 0 1876 1876 1876 1876
[  102.671721][ T9124] Node 0 DMA32 free:22348kB boost:0kB min:44696kB low:55868kB high:67040kB reserved_highatomic:4096KB active_anon:0kB inactive_anon:0kB active_file:752kB inactive_file:0kB unevictable:3072kB writepending:0kB present:2080640kB managed:1937376kB mlocked:0kB bounce:0kB free_pcp:1452kB local_pcp:768kB free_cma:0kB
[  102.673372][ T9124] lowmem_reserve[]: 0 0 0 0 0
[  102.673696][ T9124] Node 0 DMA: 0*4kB 1*8kB (U) 1*16kB (U) 0*32kB 0*64kB 1*128kB (U) 1*256kB (U) 0*512kB 1*1024kB (U) 1*2048kB (M) 1*4096kB (M) = 7576kB
[  102.674846][ T9124] Node 0 DMA32: 467*4kB (UME) 316*8kB (UME) 222*16kB (ME) 128*32kB (UME) 83*64kB (UME) 37*128kB (UM) 1*256kB (M) 0*512kB 0*1024kB 0*2048kB 0*4096kB = 22348kB
[  102.676190][ T9124] Node 0 hugepages_total=0 hugepages_free=0 hugepages_surp=0 hugepages_size=1048576kB
[  102.676875][ T9124] Node 0 hugepages_total=0 hugepages_free=0 hugepages_surp=0 hugepages_size=2048kB
[  102.677541][ T9124] 929 total pagecache pages
[  102.677881][ T9124] 0 pages in swap cache
[  102.678225][ T9124] Free swap  = 108824kB
[  102.678495][ T9124] Total swap = 124996kB
[  102.678753][ T9124] 524158 pages RAM
[  102.678983][ T9124] 0 pages HighMem/MovableOnly
[  102.679266][ T9124] 35974 pages reserved
[  102.679517][ T9124] 0 pages cma reserved
[  102.679768][ T9124] Unreclaimable slab info:
[  102.680036][ T9124] Name                      Used          Total
[  102.680404][ T9124] bio-352                    7KB          7KB
[  102.680773][ T9124] bio-416                    7KB          7KB
[  102.681141][ T9124] bio-432                    7KB          7KB
[  102.681506][ T9124] bio-528                    7KB          7KB
[  102.681874][ T9124] zs_handle                 17KB         40KB
[  102.682242][ T9124] IEEE-802.15.4-RAW         15KB         15KB
[  102.682612][ T9124] SMC                       63KB         63KB
[  102.682981][ T9124] SCTPv6                    63KB         63KB
[  102.683351][ T9124] SCTP                      62KB         62KB
[  102.683722][ T9124] DCCPv6                    61KB         61KB
[  102.684113][ T9124] DCCP                      63KB         63KB
[  102.684487][ T9124] PNPIPE                    31KB         31KB
[  102.684871][ T9124] rxrpc_call_jar           156KB        156KB
[  102.685245][ T9124] TCPv6                     95KB         95KB
[  102.685620][ T9124] nf_conntrack              26KB         26KB
[  102.685989][ T9124] bio-136                   23KB         23KB
[  102.686355][ T9124] io_kiocb                4630KB       4656KB
[  102.686720][ T9124] bio-264                    3KB          3KB
[  102.687082][ T9124] mqueue_inode_cache         61KB         61KB
[  102.687452][ T9124] f2fs_bio_post_read_ctx         15KB         15KB
[  102.687848][ T9124] jfs_mp                     7KB          7KB
[  102.688239][ T9124] fuse_request               3KB          3KB
[  102.688607][ T9124] cifs_small_rq             15KB         15KB
[  102.688973][ T9124] cifs_request              65KB         65KB
[  102.689340][ T9124] nfs_commit_data           15KB         15KB
[  102.689708][ T9124] nfs_page                  20KB         20KB
[  102.690073][ T9124] ecryptfs_key_record_cache          7KB          7KB
[  102.690475][ T9124] kioctx                    31KB         31KB
[  102.690839][ T9124] pid_namespace              7KB          7KB
[  102.691206][ T9124] UNIX                     159KB        159KB
[  102.691567][ T9124] MPTCP                     60KB         60KB
[  102.691944][ T9124] ip_fib_trie               27KB         27KB
[  102.692330][ T9124] ip_fib_alias              75KB         75KB
[  102.692694][ T9124] RAW                       63KB         63KB
[  102.693049][ T9124] UDP                      151KB        151KB
[  102.693407][ T9124] tw_sock_TCP                3KB          3KB
[  102.693764][ T9124] request_sock_TCP           7KB          7KB
[  102.694179][ T9124] TCP                       60KB         60KB
[  102.694615][ T9124] hugetlbfs_inode_cache         15KB         15KB
[  102.695077][ T9124] bio-256                   11KB         11KB
[  102.695518][ T9124] inotify_inode_mark         19KB         19KB
[  102.695966][ T9124] request_queue            121KB        121KB
[  102.696407][ T9124] bio-200                   36KB         36KB
[  102.696858][ T9124] biovec-128                64KB         64KB
[  102.697299][ T9124] khugepaged_mm_slot         11KB         11KB
[  102.697741][ T9124] iommu_iova_magazine         32KB         32KB
[  102.698216][ T9124] dmaengine-unmap-256         30KB         30KB
[  102.698672][ T9124] dmaengine-unmap-128         15KB         15KB
[  102.699124][ T9124] QIPCRTR                   31KB         31KB
[  102.699566][ T9124] audit_buffer               3KB          3KB
[  102.700011][ T9124] skbuff_ext_cache          63KB         63KB
[  102.700409][ T9124] skbuff_small_head         89KB         97KB
[  102.700773][ T9124] skbuff_head_cache         52KB         68KB
[  102.701130][ T9124] file_lock_cache            7KB          7KB
[  102.701493][ T9124] file_lock_ctx             71KB        287KB
[  102.701868][ T9124] taskstats                 15KB         15KB
[  102.702226][ T9124] pde_opener                 7KB          7KB
[  102.702582][ T9124] seq_file                   7KB          7KB
[  102.702983][ T9124] sigqueue                   7KB          7KB
[  102.703364][ T9124] shmem_inode_cache       5287KB       5342KB
[  102.703739][ T9124] kernfs_iattrs_cache         11KB         11KB
[  102.704121][ T9124] kernfs_node_cache      16785KB      16792KB
[  102.704480][ T9124] mnt_cache                126KB        126KB
[  102.704847][ T9124] filp                     288KB        392KB
[  102.705207][ T9124] names_cache              384KB        384KB
[  102.705572][ T9124] net_namespace             83KB         83KB
[  102.705940][ T9124] lsm_file_cache            74KB         94KB
[  102.706314][ T9124] key_jar                   31KB         31KB
[  102.706671][ T9124] uts_namespace             15KB         15KB
[  102.707035][ T9124] nsproxy                    7KB          7KB
[  102.707404][ T9124] vma_lock                 255KB        339KB
[  102.707803][ T9124] files_cache              154KB        154KB
[  102.708190][ T9124] signal_cache             448KB        625KB
[  102.708564][ T9124] sighand_cache            638KB        704KB
[  102.708933][ T9124] task_struct             2160KB       2455KB
[  102.709296][ T9124] anon_vma                 165KB        186KB
[  102.709667][ T9124] Acpi-State                75KB        179KB
[  102.710043][ T9124] shared_policy_node        445KB        625KB
[  102.710412][ T9124] numa_policy                8KB          8KB
[  102.710775][ T9124] trace_event_file         354KB        354KB
[  102.711141][ T9124] ftrace_event_field        542KB        542KB
[  102.711510][ T9124] pool_workqueue           256KB        256KB
[  102.711880][ T9124] maple_node               816KB        916KB
[  102.712244][ T9124] task_group                31KB         31KB
[  102.712614][ T9124] mm_struct                157KB        157KB
[  102.712985][ T9124] vmap_area                 65KB         74KB
[  102.713344][ T9124] page->ptl                 51KB         68KB
[  102.713714][ T9124] kmalloc-cg-8k            768KB        768KB
[  102.714123][ T9124] kmalloc-cg-4k           9056KB       9056KB
[  102.714570][ T9124] kmalloc-cg-2k           6490KB       6528KB
[  102.715018][ T9124] kmalloc-cg-1k           1526KB       1536KB
[  102.715466][ T9124] kmalloc-cg-512           888KB        888KB
[  102.715921][ T9124] kmalloc-cg-256           201KB        220KB
[  102.716382][ T9124] kmalloc-cg-192           475KB        712KB
[  102.716839][ T9124] kmalloc-cg-128           412KB        412KB
[  102.717291][ T9124] kmalloc-cg-96             15KB         15KB
[  102.717745][ T9124] kmalloc-cg-64             72KB        112KB
[  102.718221][ T9124] kmalloc-cg-32        1201560KB    1201560KB
[  102.718595][ T9124] kmalloc-cg-16             19KB         32KB
[  102.718937][ T9124] kmalloc-cg-8               8KB          8KB
[  102.719303][ T9124] kmalloc-8k              2840KB       2912KB
[  102.719661][ T9124] kmalloc-4k              2580KB       2784KB
[  102.720021][ T9124] kmalloc-2k              4840KB       5024KB
[  102.720380][ T9124] kmalloc-1k            304247KB     304280KB
[  102.720746][ T9124] kmalloc-512             7174KB       7200KB
[  102.721107][ T9124] kmalloc-256             1406KB       1436KB
[  102.721473][ T9124] kmalloc-192              698KB        763KB
[  102.721842][ T9124] kmalloc-128              837KB       1016KB
[  102.722219][ T9124] kmalloc-96               779KB        819KB
[  102.722599][ T9124] kmalloc-64               721KB        744KB
[  102.722963][ T9124] kmalloc-32               808KB        808KB
[  102.723329][ T9124] kmalloc-16               110KB        116KB
[  102.723692][ T9124] kmalloc-8                 83KB         84KB
[  102.724064][ T9124] kmem_cache_node           40KB         40KB
[  102.724433][ T9124] kmem_cache                76KB         76KB
[  102.724803][ T9124] oom-kill:constraint=CONSTRAINT_NONE,nodemask=(null),cpuset=syz0,mems_allowed=0,global_oom,task_memcg=/syz0,task=iou-wrk-9115,pid=9124,uid=0
[  102.725698][ T9124] Out of memory (oom_kill_allocating_task): Killed process 9115 (syz-executor.0) total-vm:59508kB, anon-rss:132kB, file-rss:8188kB, shmem-rss:0kB, UID:0 pgtables:104kB oom_score_adj:1000
[  102.726781][ T9124] SLUB: Unable to allocate memory on node -1, gfp=0xcc0(GFP_KERNEL)
[  102.727437][ T9124]   cache: kmalloc-cg-32, object size: 32, buffer size: 32, default order: 0, min order: 0
[  102.728020][ T9124]   node 0: slabs: 300390, objs: 38449920, free: 0
[  102.935940][ T9124] iou-wrk-9115 invoked oom-killer: gfp_mask=0xcc0(GFP_KERNEL), order=0, oom_score_adj=1000
[  102.936654][ T9124] CPU: 0 PID: 9124 Comm: iou-wrk-9115 Not tainted 6.9.0-rc4 #1
[  102.937177][ T9124] Hardware name: QEMU Standard PC (i440FX + PIIX, 1996), BIOS 1.15.0-1 04/01/2014
[  102.937786][ T9124] Call Trace:
[  102.938026][ T9124]  <TASK>
[  102.938250][ T9124]  dump_stack_lvl+0x111/0x140
[  102.938562][ T9124]  dump_stack+0x19/0x20
[  102.938833][ T9124]  dump_header+0x51/0x400
[  102.939102][ T9124]  oom_kill_process+0x17a/0x6e0
[  102.939394][ T9124]  out_of_memory+0x597/0xab0
[  102.939678][ T9124]  __alloc_pages+0x117f/0x13b0
[  102.939975][ T9124]  new_slab+0x365/0x3d0
[  102.940233][ T9124]  ? __lock_acquire+0x51f/0x15f0
[  102.940546][ T9124]  ___slab_alloc+0x63b/0x10f0
[  102.940843][ T9124]  ? mark_held_locks+0x4d/0x80
[  102.941155][ T9124]  ? io_refill_buffer_cache+0x125/0x250
[  102.941491][ T9124]  ? srso_alias_return_thunk+0x5/0xfbef5
[  102.941832][ T9124]  ? mark_held_locks+0x4d/0x80
[  102.942144][ T9124]  kmem_cache_alloc_bulk+0x222/0x710
[  102.942475][ T9124]  ? srso_alias_return_thunk+0x5/0xfbef5
[  102.942821][ T9124]  ? kmem_cache_alloc_bulk+0x222/0x710
[  102.943165][ T9124]  ? srso_alias_return_thunk+0x5/0xfbef5
[  102.943515][ T9124]  ? obj_cgroup_uncharge+0x12/0x20
[  102.943824][ T9124]  ? kmem_cache_alloc_bulk+0x154/0x710
[  102.944179][ T9124]  ? __lock_acquire+0x51f/0x15f0
[  102.944497][ T9124]  ? srso_alias_return_thunk+0x5/0xfbef5
[  102.944850][ T9124]  ? trace_kmem_cache_alloc+0x24/0xb0
[  102.945199][ T9124]  io_refill_buffer_cache+0x125/0x250
[  102.945521][ T9124]  ? io_refill_buffer_cache+0x125/0x250
[  102.945865][ T9124]  ? srso_alias_return_thunk+0x5/0xfbef5
[  102.946208][ T9124]  ? __lock_acquire+0x51f/0x15f0
[  102.946529][ T9124]  ? srso_alias_return_thunk+0x5/0xfbef5
[  102.946874][ T9124]  ? __lock_acquire+0x51f/0x15f0
[  102.947193][ T9124]  ? srso_alias_return_thunk+0x5/0xfbef5
[  102.947535][ T9124]  ? __lock_acquire+0x51f/0x15f0
[  102.947857][ T9124]  ? __pfx_trace_contention_end+0xa/0x10
[  102.948194][ T9124]  ? srso_alias_return_thunk+0x5/0xfbef5
[  102.948513][ T9124]  ? lock_is_held_type+0xa0/0x110
[  102.948818][ T9124]  ? srso_alias_return_thunk+0x5/0xfbef5
[  102.949142][ T9124]  ? srso_alias_return_thunk+0x5/0xfbef5
[  102.949457][ T9124]  ? find_held_lock+0x31/0x90
[  102.949728][ T9124]  ? xa_load+0xea/0x220
[  102.949981][ T9124]  ? srso_alias_return_thunk+0x5/0xfbef5
[  102.950297][ T9124]  ? lock_release+0xac/0x260
[  102.950579][ T9124]  ? srso_alias_return_thunk+0x5/0xfbef5
[  102.950916][ T9124]  ? srso_alias_return_thunk+0x5/0xfbef5
[  102.951246][ T9124]  ? xa_load+0xef/0x220
[  102.951521][ T9124]  io_provide_buffers+0x28a/0x510
[  102.951804][ T9124]  ? srso_alias_return_thunk+0x5/0xfbef5
[  102.952147][ T9124]  io_issue_sqe+0xa1/0x5b0
[  102.952419][ T9124]  io_wq_submit_work+0x124/0x580
[  102.952715][ T9124]  io_worker_handle_work+0x33b/0x920
[  102.953030][ T9124]  ? __pfx_process_timeout+0x10/0x10
[  102.953358][ T9124]  io_wq_worker+0x140/0x610
[  102.953638][ T9124]  ? srso_alias_return_thunk+0x5/0xfbef5
[  102.954001][ T9124]  ? trace_hardirqs_on+0x61/0xe0
[  102.954367][ T9124]  ? srso_alias_return_thunk+0x5/0xfbef5
[  102.954788][ T9124]  ? _raw_spin_unlock_irq+0x27/0x50
[  102.955186][ T9124]  ? srso_alias_return_thunk+0x5/0xfbef5
[  102.955615][ T9124]  ? __pfx_io_wq_worker+0x10/0x10
[  102.955989][ T9124]  ret_from_fork+0x54/0x60
[  102.956329][ T9124]  ? __pfx_io_wq_worker+0x10/0x10
[  102.956699][ T9124]  ret_from_fork_asm+0x1a/0x30
[  102.957079][ T9124] RIP: 0033:0x0
[  102.957339][ T9124] Code: Unable to access opcode bytes at 0xffffffffffffffd6.
[  102.957838][ T9124] RSP: 002b:0000000000000000 EFLAGS: 00000246 ORIG_RAX: 00000000000001aa
[  102.958398][ T9124] RAX: 0000000000000000 RBX: 00007f13cd7cbf80 RCX: 00007f13cd69002d
[  102.958840][ T9124] RDX: 0000000000000000 RSI: 000000000000079e RDI: 0000000000000007
[  102.959281][ T9124] RBP: 00007f13cd6f14d0 R08: 0000000000000000 R09: 0000000000000000
[  102.959723][ T9124] R10: 0000000000000000 R11: 0000000000000246 R12: 0000000000000000
[  102.960147][ T9124] R13: 000000000000000b R14: 00007f13cd7cbf80 R15: 00007f13ce308000
[  102.960604][ T9124]  </TASK>
[  102.960915][ T9124] Mem-Info:
[  102.961104][ T9124] active_anon:0 inactive_anon:0 isolated_anon:0
[  102.961104][ T9124]  active_file:84 inactive_file:13 isolated_file:0
[  102.961104][ T9124]  unevictable:768 dirty:0 writeback:0
[  102.961104][ T9124]  slab_reclaimable:3954 slab_unreclaimable:403982
[  102.961104][ T9124]  mapped:16385 shmem:768 pagetables:573
[  102.961104][ T9124]  sec_pagetables:0 bounce:0
[  102.961104][ T9124]  kernel_misc_reclaimable:0
[  102.961104][ T9124]  free:7481 free_pcp:394 free_cma:0
[  102.963372][ T9124] Node 0 active_anon:0kB inactive_anon:0kB active_file:84kB inactive_file:304kB unevictable:3072kB isolated(anon):0kB isolated(file):0kB mapped:65540kB dirty:0kB writeback:0kB shmem:3072kB shmem_thp:0kB shmem_pmdmapped:0kB anon_thp:0kB writeback_tmp:0kB kernel_stack:3888kB pagetables:2292kB sec_pagetables:0kB all_unreclaimable? no
[  102.964991][ T9124] Node 0 DMA free:7576kB boost:0kB min:356kB low:444kB high:532kB reserved_highatomic:0KB active_anon:0kB inactive_anon:0kB active_file:0kB inactive_file:0kB unevictable:0kB writepending:0kB present:15992kB managed:15360kB mlocked:0kB bounce:0kB free_pcp:124kB local_pcp:124kB free_cma:0kB
[  102.966444][ T9124] lowmem_reserve[]: 0 1876 1876 1876 1876
[  102.966791][ T9124] Node 0 DMA32 free:22348kB boost:0kB min:44696kB low:55868kB high:67040kB reserved_highatomic:4096KB active_anon:0kB inactive_anon:0kB active_file:0kB inactive_file:216kB unevictable:3072kB writepending:0kB present:2080640kB managed:1937376kB mlocked:0kB bounce:0kB free_pcp:1452kB local_pcp:768kB free_cma:0kB
[  102.968302][ T9124] lowmem_reserve[]: 0 0 0 0 0
[  102.968626][ T9124] Node 0 DMA: 0*4kB 1*8kB (U) 1*16kB (U) 0*32kB 0*64kB 1*128kB (U) 1*256kB (U) 0*512kB 1*1024kB (U) 1*2048kB (M) 1*4096kB (M) = 7576kB
[  102.969519][ T9124] Node 0 DMA32: 467*4kB (UME) 316*8kB (UME) 222*16kB (ME) 128*32kB (UME) 83*64kB (UME) 37*128kB (UM) 1*256kB (M) 0*512kB 0*1024kB 0*2048kB 0*4096kB = 22348kB
[  102.970543][ T9124] Node 0 hugepages_total=0 hugepages_free=0 hugepages_surp=0 hugepages_size=1048576kB
[  102.971062][ T9124] Node 0 hugepages_total=0 hugepages_free=0 hugepages_surp=0 hugepages_size=2048kB
[  102.971556][ T9124] 929 total pagecache pages
[  102.971812][ T9124] 0 pages in swap cache
[  102.972054][ T9124] Free swap  = 108824kB
[  102.972279][ T9124] Total swap = 124996kB
[  102.972514][ T9124] 524158 pages RAM
[  102.972734][ T9124] 0 pages HighMem/MovableOnly
[  102.973000][ T9124] 35974 pages reserved
[  102.973253][ T9124] 0 pages cma reserved
[  102.973494][ T9124] Unreclaimable slab info:
[  102.973746][ T9124] Name                      Used          Total
[  102.974118][ T9124] bio-352                    7KB          7KB
[  102.974547][ T9124] bio-416                    7KB          7KB
[  102.974965][ T9124] bio-432                    7KB          7KB
[  102.975387][ T9124] bio-528                    7KB          7KB
[  102.975806][ T9124] zs_handle                 17KB         40KB
[  102.976219][ T9124] IEEE-802.15.4-RAW         15KB         15KB
[  102.976644][ T9124] SMC                       63KB         63KB
[  102.977061][ T9124] SCTPv6                    63KB         63KB
[  102.977493][ T9124] SCTP                      62KB         62KB
[  102.977914][ T9124] DCCPv6                    61KB         61KB
[  102.978376][ T9124] DCCP                      63KB         63KB
[  102.978770][ T9124] PNPIPE                    31KB         31KB
[  102.979165][ T9124] rxrpc_call_jar           156KB        156KB
[  102.979527][ T9124] TCPv6                     95KB         95KB
[  102.979877][ T9124] nf_conntrack              26KB         26KB
[  102.980216][ T9124] bio-136                   23KB         23KB
[  102.980566][ T9124] io_kiocb                4630KB       4656KB
[  102.980907][ T9124] bio-264                    3KB          3KB
[  102.981249][ T9124] mqueue_inode_cache         61KB         61KB
[  102.981593][ T9124] f2fs_bio_post_read_ctx         15KB         15KB
[  102.981970][ T9124] jfs_mp                     7KB          7KB
[  102.982311][ T9124] fuse_request               3KB          3KB
[  102.982646][ T9124] cifs_small_rq             15KB         15KB
[  102.982982][ T9124] cifs_request              65KB         65KB
[  102.983330][ T9124] nfs_commit_data           15KB         15KB
[  102.983676][ T9124] nfs_page                  20KB         20KB
[  102.984059][ T9124] ecryptfs_key_record_cache          7KB          7KB
[  102.984541][ T9124] kioctx                    31KB         31KB
[  102.984969][ T9124] pid_namespace              7KB          7KB
[  102.985386][ T9124] UNIX                     159KB        159KB
[  102.985741][ T9124] MPTCP                     60KB         60KB
[  102.986080][ T9124] ip_fib_trie               27KB         27KB
[  102.986421][ T9124] ip_fib_alias              75KB         75KB
[  102.986763][ T9124] RAW                       63KB         63KB
[  102.987088][ T9124] UDP                      151KB        151KB
[  102.987412][ T9124] tw_sock_TCP                3KB          3KB
[  102.987738][ T9124] request_sock_TCP           7KB          7KB
[  102.988066][ T9124] TCP                       60KB         60KB
[  102.989390][ T9124] hugetlbfs_inode_cache         15KB         15KB
[  102.989759][ T9124] bio-256                   11KB         11KB
[  102.990100][ T9124] inotify_inode_mark         19KB         19KB
[  102.990449][ T9124] request_queue            121KB        121KB
[  102.990791][ T9124] bio-200                   36KB         36KB
[  102.991131][ T9124] biovec-128                64KB         64KB
[  102.991469][ T9124] khugepaged_mm_slot         11KB         11KB
[  102.991812][ T9124] iommu_iova_magazine         32KB         32KB
[  102.992152][ T9124] dmaengine-unmap-256         30KB         30KB
[  102.992500][ T9124] dmaengine-unmap-128         15KB         15KB
[  102.992853][ T9124] QIPCRTR                   31KB         31KB
[  102.993192][ T9124] audit_buffer               3KB          3KB
[  102.993539][ T9124] skbuff_ext_cache          63KB         63KB
[  102.993875][ T9124] skbuff_small_head         89KB         97KB
[  102.994289][ T9124] skbuff_head_cache         52KB         68KB
[  102.994709][ T9124] file_lock_cache            7KB          7KB
[  102.995135][ T9124] file_lock_ctx             71KB        287KB
[  102.995557][ T9124] taskstats                 15KB         15KB
[  102.995980][ T9124] pde_opener                 7KB          7KB
[  102.996396][ T9124] seq_file                   7KB          7KB
[  102.996831][ T9124] sigqueue                   7KB          7KB
[  102.997242][ T9124] shmem_inode_cache       5287KB       5342KB
[  102.997661][ T9124] kernfs_iattrs_cache         11KB         11KB
[  102.998087][ T9124] kernfs_node_cache      16785KB      16792KB
[  102.998887][ T9124] mnt_cache                126KB        126KB
[  102.999228][ T9124] filp                     288KB        392KB
[  102.999565][ T9124] names_cache              384KB        384KB
[  102.999904][ T9124] net_namespace             83KB         83KB
[  103.000248][ T9124] lsm_file_cache            74KB         94KB
[  103.000588][ T9124] key_jar                   31KB         31KB
[  103.000930][ T9124] uts_namespace             15KB         15KB
[  103.001269][ T9124] nsproxy                    7KB          7KB
[  103.001624][ T9124] vma_lock                 255KB        339KB
[  103.001966][ T9124] files_cache              154KB        154KB
[  103.002302][ T9124] signal_cache             448KB        625KB
[  103.002640][ T9124] sighand_cache            638KB        704KB
[  103.002984][ T9124] task_struct             2160KB       2455KB
[  103.003327][ T9124] anon_vma                 165KB        186KB
[  103.003668][ T9124] Acpi-State                75KB        179KB
[  103.004033][ T9124] shared_policy_node        445KB        625KB
[  103.004370][ T9124] numa_policy                8KB          8KB
[  103.004721][ T9124] trace_event_file         354KB        354KB
[  103.005060][ T9124] ftrace_event_field        542KB        542KB
[  103.005405][ T9124] pool_workqueue           256KB        256KB
[  103.005730][ T9124] maple_node               816KB        916KB
[  103.006064][ T9124] task_group                31KB         31KB
[  103.006388][ T9124] mm_struct                157KB        157KB
[  103.006715][ T9124] vmap_area                 65KB         74KB
[  103.007053][ T9124] page->ptl                 51KB         68KB
[  103.007383][ T9124] kmalloc-cg-8k            768KB        768KB
[  103.007720][ T9124] kmalloc-cg-4k           9056KB       9056KB
[  103.008057][ T9124] kmalloc-cg-2k           6490KB       6528KB
[  103.008417][ T9124] kmalloc-cg-1k           1526KB       1536KB
[  103.008780][ T9124] kmalloc-cg-512           888KB        888KB
[  103.009108][ T9124] kmalloc-cg-256           201KB        220KB
[  103.009460][ T9124] kmalloc-cg-192           475KB        712KB
[  103.009798][ T9124] kmalloc-cg-128           412KB        412KB
[  103.010124][ T9124] kmalloc-cg-96             15KB         15KB
[  103.010462][ T9124] kmalloc-cg-64             72KB        112KB
[  103.010797][ T9124] kmalloc-cg-32        1201560KB    1201560KB
[  103.011134][ T9124] kmalloc-cg-16             19KB         32KB
[  103.011477][ T9124] kmalloc-cg-8               8KB          8KB
[  103.011812][ T9124] kmalloc-8k              2840KB       2912KB
[  103.012147][ T9124] kmalloc-4k              2580KB       2784KB
[  103.012484][ T9124] kmalloc-2k              4840KB       5024KB
[  103.012833][ T9124] kmalloc-1k            304259KB     304280KB
[  103.013172][ T9124] kmalloc-512             7174KB       7200KB
[  103.013513][ T9124] kmalloc-256             1406KB       1436KB
[  103.013858][ T9124] kmalloc-192              698KB        763KB
[  103.014284][ T9124] kmalloc-128              836KB       1016KB
[  103.014708][ T9124] kmalloc-96               773KB        819KB
[  103.015135][ T9124] kmalloc-64               721KB        744KB
[  103.015561][ T9124] kmalloc-32               808KB        808KB
[  103.015954][ T9124] kmalloc-16               110KB        116KB
[  103.016345][ T9124] kmalloc-8                 83KB         84KB
[  103.016743][ T9124] kmem_cache_node           40KB         40KB
[  103.017138][ T9124] kmem_cache                76KB         76KB
[  103.017538][ T9124] oom-kill:constraint=CONSTRAINT_NONE,nodemask=(null),cpuset=syz0,mems_allowed=0,global_oom,task_memcg=/syz0,task=iou-wrk-9115,pid=9124,uid=0
[  103.018554][ T9124] Out of memory (oom_kill_allocating_task): Killed process 9115 (syz-executor.0) total-vm:59508kB, anon-rss:132kB, file-rss:8188kB, shmem-rss:0kB, UID:0 pgtables:104kB oom_score_adj:1000
[  103.019551][ T9124] SLUB: Unable to allocate memory on node -1, gfp=0x400cc0(GFP_KERNEL_ACCOUNT)
[  103.020032][ T9124]   cache: kmalloc-cg-32, object size: 32, buffer size: 32, default order: 0, min order: 0
[  103.020566][ T9124]   node 0: slabs: 300390, objs: 38449920, free: 0
[  103.229957][ T9124] iou-wrk-9115 invoked oom-killer: gfp_mask=0xcc0(GFP_KERNEL), order=0, oom_score_adj=1000
[  103.230654][ T9124] CPU: 0 PID: 9124 Comm: iou-wrk-9115 Not tainted 6.9.0-rc4 #1
[  103.231161][ T9124] Hardware name: QEMU Standard PC (i440FX + PIIX, 1996), BIOS 1.15.0-1 04/01/2014
[  103.231744][ T9124] Call Trace:
[  103.231977][ T9124]  <TASK>
[  103.232188][ T9124]  dump_stack_lvl+0x111/0x140
[  103.232768][ T9124]  dump_stack+0x19/0x20
[  103.233091][ T9124]  dump_header+0x51/0x400
[  103.233411][ T9124]  oom_kill_process+0x17a/0x6e0
[  103.233761][ T9124]  out_of_memory+0x597/0xab0
[  103.234096][ T9124]  __alloc_pages+0x117f/0x13b0
[  103.234450][ T9124]  new_slab+0x365/0x3d0
[  103.234771][ T9124]  ? __sanitizer_cov_trace_const_cmp1+0x1e/0x30
[  103.235223][ T9124]  ___slab_alloc+0x63b/0x10f0
[  103.235576][ T9124]  ? io_refill_buffer_cache+0x218/0x250
[  103.235968][ T9124]  ? srso_alias_return_thunk+0x5/0xfbef5
[  103.236382][ T9124]  ? trace_hardirqs_on+0x61/0xe0
[  103.236750][ T9124]  kmem_cache_alloc+0x239/0x290
[  103.237108][ T9124]  ? srso_alias_return_thunk+0x5/0xfbef5
[  103.237514][ T9124]  ? kmem_cache_alloc+0x239/0x290
[  103.237879][ T9124]  ? io_refill_buffer_cache+0x218/0x250
[  103.238266][ T9124]  io_refill_buffer_cache+0x218/0x250
[  103.238643][ T9124]  ? srso_alias_return_thunk+0x5/0xfbef5
[  103.239047][ T9124]  ? __lock_acquire+0x51f/0x15f0
[  103.239418][ T9124]  ? srso_alias_return_thunk+0x5/0xfbef5
[  103.239822][ T9124]  ? __lock_acquire+0x51f/0x15f0
[  103.240188][ T9124]  ? srso_alias_return_thunk+0x5/0xfbef5
[  103.240596][ T9124]  ? __lock_acquire+0x51f/0x15f0
[  103.240974][ T9124]  ? __pfx_trace_contention_end+0xa/0x10
[  103.241370][ T9124]  ? srso_alias_return_thunk+0x5/0xfbef5
[  103.241774][ T9124]  ? lock_is_held_type+0xa0/0x110
[  103.242135][ T9124]  ? srso_alias_return_thunk+0x5/0xfbef5
[  103.242540][ T9124]  ? srso_alias_return_thunk+0x5/0xfbef5
[  103.242952][ T9124]  ? find_held_lock+0x31/0x90
[  103.243296][ T9124]  ? xa_load+0xea/0x220
[  103.243615][ T9124]  ? srso_alias_return_thunk+0x5/0xfbef5
[  103.244020][ T9124]  ? lock_release+0xac/0x260
[  103.244370][ T9124]  ? srso_alias_return_thunk+0x5/0xfbef5
[  103.244780][ T9124]  ? srso_alias_return_thunk+0x5/0xfbef5
[  103.245155][ T9124]  ? xa_load+0xef/0x220
[  103.245476][ T9124]  io_provide_buffers+0x28a/0x510
[  103.245830][ T9124]  ? srso_alias_return_thunk+0x5/0xfbef5
[  103.246166][ T9124]  io_issue_sqe+0xa1/0x5b0
[  103.246490][ T9124]  io_wq_submit_work+0x124/0x580
[  103.246794][ T9124]  io_worker_handle_work+0x33b/0x920
[  103.247157][ T9124]  ? __pfx_process_timeout+0x10/0x10
[  103.247537][ T9124]  io_wq_worker+0x140/0x610
[  103.247868][ T9124]  ? srso_alias_return_thunk+0x5/0xfbef5
[  103.248248][ T9124]  ? trace_hardirqs_on+0x61/0xe0
[  103.248590][ T9124]  ? srso_alias_return_thunk+0x5/0xfbef5
[  103.248969][ T9124]  ? _raw_spin_unlock_irq+0x27/0x50
[  103.249351][ T9124]  ? srso_alias_return_thunk+0x5/0xfbef5
[  103.249719][ T9124]  ? __pfx_io_wq_worker+0x10/0x10
[  103.250021][ T9124]  ret_from_fork+0x54/0x60
[  103.250299][ T9124]  ? __pfx_io_wq_worker+0x10/0x10
[  103.250602][ T9124]  ret_from_fork_asm+0x1a/0x30
[  103.250903][ T9124] RIP: 0033:0x0
[  103.251114][ T9124] Code: Unable to access opcode bytes at 0xffffffffffffffd6.
[  103.251518][ T9124] RSP: 002b:0000000000000000 EFLAGS: 00000246 ORIG_RAX: 00000000000001aa
[  103.251963][ T9124] RAX: 0000000000000000 RBX: 00007f13cd7cbf80 RCX: 00007f13cd69002d
[  103.252387][ T9124] RDX: 0000000000000000 RSI: 000000000000079e RDI: 0000000000000007
[  103.252822][ T9124] RBP: 00007f13cd6f14d0 R08: 0000000000000000 R09: 0000000000000000
[  103.253252][ T9124] R10: 0000000000000000 R11: 0000000000000246 R12: 0000000000000000
[  103.253676][ T9124] R13: 000000000000000b R14: 00007f13cd7cbf80 R15: 00007f13ce308000
[  103.254103][ T9124]  </TASK>
[  103.254577][ T9124] Mem-Info:
[  103.254760][ T9124] active_anon:0 inactive_anon:0 isolated_anon:0
[  103.254760][ T9124]  active_file:81 inactive_file:17 isolated_file:0
[  103.254760][ T9124]  unevictable:768 dirty:0 writeback:0
[  103.254760][ T9124]  slab_reclaimable:3954 slab_unreclaimable:403982
[  103.254760][ T9124]  mapped:16385 shmem:768 pagetables:573
[  103.254760][ T9124]  sec_pagetables:0 bounce:0
[  103.254760][ T9124]  kernel_misc_reclaimable:0
[  103.254760][ T9124]  free:7481 free_pcp:394 free_cma:0
[  103.257089][ T9124] Node 0 active_anon:0kB inactive_anon:0kB active_file:612kB inactive_file:32kB unevictable:3072kB isolated(anon):0kB isolated(file):0kB mapped:65540kB dirty:0kB writeback:0kB shmem:3072kB shmem_thp:0kB shmem_pmdmapped:0kB anon_thp:0kB writeback_tmp:0kB kernel_stack:3888kB pagetables:2292kB sec_pagetables:0kB all_unreclaimable? no
[  103.259284][ T9124] Node 0 DMA free:7576kB boost:0kB min:356kB low:444kB high:532kB reserved_highatomic:0KB active_anon:0kB inactive_anon:0kB active_file:0kB inactive_file:0kB unevictable:0kB writepending:0kB present:15992kB managed:15360kB mlocked:0kB bounce:0kB free_pcp:124kB local_pcp:124kB free_cma:0kB
[  103.260775][ T9124] lowmem_reserve[]: 0 1876 1876 1876 1876
[  103.261138][ T9124] Node 0 DMA32 free:22348kB boost:0kB min:44696kB low:55868kB high:67040kB reserved_highatomic:4096KB active_anon:0kB inactive_anon:0kB active_file:452kB inactive_file:192kB unevictable:3072kB writepending:0kB present:2080640kB managed:1937376kB mlocked:0kB bounce:0kB free_pcp:1452kB local_pcp:768kB free_cma:0kB
[  103.262806][ T9124] lowmem_reserve[]: 0 0 0 0 0
[  103.263167][ T9124] Node 0 DMA: 0*4kB 1*8kB (U) 1*16kB (U) 0*32kB 0*64kB 1*128kB (U) 1*256kB (U) 0*512kB 1*1024kB (U) 1*2048kB (M) 1*4096kB (M) = 7576kB
[  103.264220][ T9124] Node 0 DMA32: 467*4kB (UME) 316*8kB (UME) 222*16kB (ME) 128*32kB (UME) 83*64kB (UME) 37*128kB (UM) 1*256kB (M) 0*512kB 0*1024kB 0*2048kB 0*4096kB = 22348kB
[  103.265401][ T9124] Node 0 hugepages_total=0 hugepages_free=0 hugepages_surp=0 hugepages_size=1048576kB
[  103.265990][ T9124] Node 0 hugepages_total=0 hugepages_free=0 hugepages_surp=0 hugepages_size=2048kB
[  103.266494][ T9124] 929 total pagecache pages
[  103.266749][ T9124] 0 pages in swap cache
[  103.266982][ T9124] Free swap  = 108824kB
[  103.267253][ T9124] Total swap = 124996kB
[  103.267519][ T9124] 524158 pages RAM
[  103.267768][ T9124] 0 pages HighMem/MovableOnly
[  103.268070][ T9124] 35974 pages reserved
[  103.268342][ T9124] 0 pages cma reserved
[  103.268565][ T9124] Unreclaimable slab info:
[  103.268797][ T9124] Name                      Used          Total
[  103.269152][ T9124] bio-352                    7KB          7KB
[  103.269519][ T9124] bio-416                    7KB          7KB
[  103.269872][ T9124] bio-432                    7KB          7KB
[  103.270201][ T9124] bio-528                    7KB          7KB
[  103.270529][ T9124] zs_handle                 17KB         40KB
[  103.270856][ T9124] IEEE-802.15.4-RAW         15KB         15KB
[  103.271185][ T9124] SMC                       63KB         63KB
[  103.271516][ T9124] SCTPv6                    63KB         63KB
[  103.271894][ T9124] SCTP                      62KB         62KB
[  103.272291][ T9124] DCCPv6                    61KB         61KB
[  103.272637][ T9124] DCCP                      63KB         63KB
[  103.272978][ T9124] PNPIPE                    31KB         31KB
[  103.273371][ T9124] rxrpc_call_jar           156KB        156KB
[  103.273780][ T9124] TCPv6                     95KB         95KB
[  103.274186][ T9124] nf_conntrack              26KB         26KB
[  103.274521][ T9124] bio-136                   23KB         23KB
[  103.274931][ T9124] io_kiocb                4630KB       4656KB
[  103.275322][ T9124] bio-264                    3KB          3KB
[  103.275677][ T9124] mqueue_inode_cache         61KB         61KB
[  103.276028][ T9124] f2fs_bio_post_read_ctx         15KB         15KB
[  103.276416][ T9124] jfs_mp                     7KB          7KB
[  103.276767][ T9124] fuse_request               3KB          3KB
[  103.277108][ T9124] cifs_small_rq             15KB         15KB
[  103.277445][ T9124] cifs_request              65KB         65KB
[  103.277788][ T9124] nfs_commit_data           15KB         15KB
[  103.278123][ T9124] nfs_page                  20KB         20KB
[  103.278492][ T9124] ecryptfs_key_record_cache          7KB          7KB
[  103.278864][ T9124] kioctx                    31KB         31KB
[  103.279197][ T9124] pid_namespace              7KB          7KB
[  103.279539][ T9124] UNIX                     159KB        159KB
[  103.279872][ T9124] MPTCP                     60KB         60KB
[  103.280207][ T9124] ip_fib_trie               27KB         27KB
[  103.280547][ T9124] ip_fib_alias              75KB         75KB
[  103.280884][ T9124] RAW                       63KB         63KB
[  103.281219][ T9124] UDP                      151KB        151KB
[  103.281555][ T9124] tw_sock_TCP                3KB          3KB
[  103.281918][ T9124] request_sock_TCP           7KB          7KB
[  103.282280][ T9124] TCP                       60KB         60KB
[  103.282665][ T9124] hugetlbfs_inode_cache         15KB         15KB
[  103.283060][ T9124] bio-256                   11KB         11KB
[  103.283460][ T9124] inotify_inode_mark         19KB         19KB
[  103.283853][ T9124] request_queue            121KB        121KB
[  103.284229][ T9124] bio-200                   36KB         36KB
[  103.284622][ T9124] biovec-128                64KB         64KB
[  103.284997][ T9124] khugepaged_mm_slot         11KB         11KB
[  103.285387][ T9124] iommu_iova_magazine         32KB         32KB
[  103.285790][ T9124] dmaengine-unmap-256         30KB         30KB
[  103.286142][ T9124] dmaengine-unmap-128         15KB         15KB
[  103.286547][ T9124] QIPCRTR                   31KB         31KB
[  103.286881][ T9124] audit_buffer               3KB          3KB
[  103.287196][ T9124] skbuff_ext_cache          63KB         63KB
[  103.287529][ T9124] skbuff_small_head         89KB         97KB
[  103.287881][ T9124] skbuff_head_cache         52KB         68KB
[  103.288321][ T9124] file_lock_cache            7KB          7KB
[  103.288729][ T9124] file_lock_ctx             71KB        287KB
[  103.289133][ T9124] taskstats                 15KB         15KB
[  103.289512][ T9124] pde_opener                 7KB          7KB
[  103.289846][ T9124] seq_file                   7KB          7KB
[  103.290176][ T9124] sigqueue                   7KB          7KB
[  103.290506][ T9124] shmem_inode_cache       5287KB       5342KB
[  103.290836][ T9124] kernfs_iattrs_cache         11KB         11KB
[  103.291176][ T9124] kernfs_node_cache      16785KB      16792KB
[  103.291509][ T9124] mnt_cache                126KB        126KB
[  103.291844][ T9124] filp                     288KB        392KB
[  103.292179][ T9124] names_cache              384KB        384KB
[  103.292551][ T9124] net_namespace             83KB         83KB
[  103.292944][ T9124] lsm_file_cache            74KB         94KB
[  103.293307][ T9124] key_jar                   31KB         31KB
[  103.293647][ T9124] uts_namespace             15KB         15KB
[  103.293988][ T9124] nsproxy                    7KB          7KB
[  103.294332][ T9124] vma_lock                 255KB        339KB
[  103.294708][ T9124] files_cache              154KB        154KB
[  103.295069][ T9124] signal_cache             448KB        625KB
[  103.295475][ T9124] sighand_cache            638KB        704KB
[  103.295816][ T9124] task_struct             2160KB       2455KB
[  103.296156][ T9124] anon_vma                 165KB        186KB
[  103.296501][ T9124] Acpi-State                75KB        179KB
[  103.296872][ T9124] shared_policy_node        445KB        625KB
[  103.297260][ T9124] numa_policy                8KB          8KB
[  103.297598][ T9124] trace_event_file         354KB        354KB
[  103.297963][ T9124] ftrace_event_field        542KB        542KB
[  103.298332][ T9124] pool_workqueue           256KB        256KB
[  103.298698][ T9124] maple_node               816KB        916KB
[  103.299025][ T9124] task_group                31KB         31KB
[  103.299360][ T9124] mm_struct                157KB        157KB
[  103.299734][ T9124] vmap_area                 65KB         74KB
[  103.300110][ T9124] page->ptl                 51KB         68KB
[  103.300466][ T9124] kmalloc-cg-8k            768KB        768KB
[  103.300818][ T9124] kmalloc-cg-4k           9056KB       9056KB
[  103.301197][ T9124] kmalloc-cg-2k           6490KB       6528KB
[  103.301587][ T9124] kmalloc-cg-1k           1526KB       1536KB
[  103.301930][ T9124] kmalloc-cg-512           888KB        888KB
[  103.302267][ T9124] kmalloc-cg-256           201KB        220KB
[  103.302613][ T9124] kmalloc-cg-192           475KB        712KB
[  103.302959][ T9124] kmalloc-cg-128           412KB        412KB
[  103.303351][ T9124] kmalloc-cg-96             15KB         15KB
[  103.303750][ T9124] kmalloc-cg-64             72KB        112KB
[  103.304147][ T9124] kmalloc-cg-32        1201560KB    1201560KB
[  103.304541][ T9124] kmalloc-cg-16             19KB         32KB
[  103.304924][ T9124] kmalloc-cg-8               8KB          8KB
[  103.305291][ T9124] kmalloc-8k              2840KB       2912KB
[  103.305635][ T9124] kmalloc-4k              2580KB       2784KB
[  103.305968][ T9124] kmalloc-2k              4840KB       5024KB
[  103.306305][ T9124] kmalloc-1k            304233KB     304280KB
[  103.306664][ T9124] kmalloc-512             7174KB       7200KB
[  103.307030][ T9124] kmalloc-256             1406KB       1436KB
[  103.307371][ T9124] kmalloc-192              698KB        763KB
[  103.307739][ T9124] kmalloc-128              836KB       1016KB
[  103.308084][ T9124] kmalloc-96               777KB        819KB
[  103.308484][ T9124] kmalloc-64               721KB        744KB
[  103.308825][ T9124] kmalloc-32               808KB        808KB
